Archive member included to satisfy reference by file (symbol)

C:/ST/STM32CubeIDE_1.16.0/STM32CubeIDE/plugins/com.st.stm32cube.ide.mcu.externaltools.gnu-tools-for-stm32.12.3.rel1.win32_1.0.200.202406191623/tools/bin/../lib/gcc/arm-none-eabi/12.3.1/../../../../arm-none-eabi/lib/thumb/v7e-m+fp/hard\libc_nano.a(libc_a-exit.o)
                              C:/ST/STM32CubeIDE_1.16.0/STM32CubeIDE/plugins/com.st.stm32cube.ide.mcu.externaltools.gnu-tools-for-stm32.12.3.rel1.win32_1.0.200.202406191623/tools/bin/../lib/gcc/arm-none-eabi/12.3.1/../../../../arm-none-eabi/lib/thumb/v7e-m+fp/hard/crt0.o (exit)
C:/ST/STM32CubeIDE_1.16.0/STM32CubeIDE/plugins/com.st.stm32cube.ide.mcu.externaltools.gnu-tools-for-stm32.12.3.rel1.win32_1.0.200.202406191623/tools/bin/../lib/gcc/arm-none-eabi/12.3.1/../../../../arm-none-eabi/lib/thumb/v7e-m+fp/hard\libc_nano.a(libc_a-findfp.o)
                              C:/ST/STM32CubeIDE_1.16.0/STM32CubeIDE/plugins/com.st.stm32cube.ide.mcu.externaltools.gnu-tools-for-stm32.12.3.rel1.win32_1.0.200.202406191623/tools/bin/../lib/gcc/arm-none-eabi/12.3.1/../../../../arm-none-eabi/lib/thumb/v7e-m+fp/hard\libc_nano.a(libc_a-exit.o) (__stdio_exit_handler)
C:/ST/STM32CubeIDE_1.16.0/STM32CubeIDE/plugins/com.st.stm32cube.ide.mcu.externaltools.gnu-tools-for-stm32.12.3.rel1.win32_1.0.200.202406191623/tools/bin/../lib/gcc/arm-none-eabi/12.3.1/../../../../arm-none-eabi/lib/thumb/v7e-m+fp/hard\libc_nano.a(libc_a-fwalk.o)
                              C:/ST/STM32CubeIDE_1.16.0/STM32CubeIDE/plugins/com.st.stm32cube.ide.mcu.externaltools.gnu-tools-for-stm32.12.3.rel1.win32_1.0.200.202406191623/tools/bin/../lib/gcc/arm-none-eabi/12.3.1/../../../../arm-none-eabi/lib/thumb/v7e-m+fp/hard\libc_nano.a(libc_a-findfp.o) (_fwalk_sglue)
C:/ST/STM32CubeIDE_1.16.0/STM32CubeIDE/plugins/com.st.stm32cube.ide.mcu.externaltools.gnu-tools-for-stm32.12.3.rel1.win32_1.0.200.202406191623/tools/bin/../lib/gcc/arm-none-eabi/12.3.1/../../../../arm-none-eabi/lib/thumb/v7e-m+fp/hard\libc_nano.a(libc_a-stdio.o)
                              C:/ST/STM32CubeIDE_1.16.0/STM32CubeIDE/plugins/com.st.stm32cube.ide.mcu.externaltools.gnu-tools-for-stm32.12.3.rel1.win32_1.0.200.202406191623/tools/bin/../lib/gcc/arm-none-eabi/12.3.1/../../../../arm-none-eabi/lib/thumb/v7e-m+fp/hard\libc_nano.a(libc_a-findfp.o) (__sread)
C:/ST/STM32CubeIDE_1.16.0/STM32CubeIDE/plugins/com.st.stm32cube.ide.mcu.externaltools.gnu-tools-for-stm32.12.3.rel1.win32_1.0.200.202406191623/tools/bin/../lib/gcc/arm-none-eabi/12.3.1/../../../../arm-none-eabi/lib/thumb/v7e-m+fp/hard\libc_nano.a(libc_a-memset.o)
                              C:/ST/STM32CubeIDE_1.16.0/STM32CubeIDE/plugins/com.st.stm32cube.ide.mcu.externaltools.gnu-tools-for-stm32.12.3.rel1.win32_1.0.200.202406191623/tools/bin/../lib/gcc/arm-none-eabi/12.3.1/../../../../arm-none-eabi/lib/thumb/v7e-m+fp/hard/crt0.o (memset)
C:/ST/STM32CubeIDE_1.16.0/STM32CubeIDE/plugins/com.st.stm32cube.ide.mcu.externaltools.gnu-tools-for-stm32.12.3.rel1.win32_1.0.200.202406191623/tools/bin/../lib/gcc/arm-none-eabi/12.3.1/../../../../arm-none-eabi/lib/thumb/v7e-m+fp/hard\libc_nano.a(libc_a-closer.o)
                              C:/ST/STM32CubeIDE_1.16.0/STM32CubeIDE/plugins/com.st.stm32cube.ide.mcu.externaltools.gnu-tools-for-stm32.12.3.rel1.win32_1.0.200.202406191623/tools/bin/../lib/gcc/arm-none-eabi/12.3.1/../../../../arm-none-eabi/lib/thumb/v7e-m+fp/hard\libc_nano.a(libc_a-stdio.o) (_close_r)
C:/ST/STM32CubeIDE_1.16.0/STM32CubeIDE/plugins/com.st.stm32cube.ide.mcu.externaltools.gnu-tools-for-stm32.12.3.rel1.win32_1.0.200.202406191623/tools/bin/../lib/gcc/arm-none-eabi/12.3.1/../../../../arm-none-eabi/lib/thumb/v7e-m+fp/hard\libc_nano.a(libc_a-reent.o)
                              C:/ST/STM32CubeIDE_1.16.0/STM32CubeIDE/plugins/com.st.stm32cube.ide.mcu.externaltools.gnu-tools-for-stm32.12.3.rel1.win32_1.0.200.202406191623/tools/bin/../lib/gcc/arm-none-eabi/12.3.1/../../../../arm-none-eabi/lib/thumb/v7e-m+fp/hard\libc_nano.a(libc_a-closer.o) (errno)
C:/ST/STM32CubeIDE_1.16.0/STM32CubeIDE/plugins/com.st.stm32cube.ide.mcu.externaltools.gnu-tools-for-stm32.12.3.rel1.win32_1.0.200.202406191623/tools/bin/../lib/gcc/arm-none-eabi/12.3.1/../../../../arm-none-eabi/lib/thumb/v7e-m+fp/hard\libc_nano.a(libc_a-impure.o)
                              C:/ST/STM32CubeIDE_1.16.0/STM32CubeIDE/plugins/com.st.stm32cube.ide.mcu.externaltools.gnu-tools-for-stm32.12.3.rel1.win32_1.0.200.202406191623/tools/bin/../lib/gcc/arm-none-eabi/12.3.1/../../../../arm-none-eabi/lib/thumb/v7e-m+fp/hard\libc_nano.a(libc_a-reent.o) (_impure_ptr)
C:/ST/STM32CubeIDE_1.16.0/STM32CubeIDE/plugins/com.st.stm32cube.ide.mcu.externaltools.gnu-tools-for-stm32.12.3.rel1.win32_1.0.200.202406191623/tools/bin/../lib/gcc/arm-none-eabi/12.3.1/../../../../arm-none-eabi/lib/thumb/v7e-m+fp/hard\libc_nano.a(libc_a-lseekr.o)
[...]
Memory Configuration

Name             Origin             Length             Attributes
RAM              0x20000000         0x00020000         xrw
FLASH            0x08000000         0x00005000         xr
*default*        0x00000000         0xffffffff

Linker script and memory map

LOAD C:/ST/STM32CubeIDE_1.16.0/STM32CubeIDE/plugins/com.st.stm32cube.ide.mcu.externaltools.gnu-tools-for-stm32.12.3.rel1.win32_1.0.200.202406191623/tools/bin/../lib/gcc/arm-none-eabi/12.3.1/thumb/v7e-m+fp/hard/crti.o
LOAD C:/ST/STM32CubeIDE_1.16.0/STM32CubeIDE/plugins/com.st.stm32cube.ide.mcu.externaltools.gnu-tools-for-stm32.12.3.rel1.win32_1.0.200.202406191623/tools/bin/../lib/gcc/arm-none-eabi/12.3.1/thumb/v7e-m+fp/hard/crtbegin.o
LOAD C:/ST/STM32CubeIDE_1.16.0/STM32CubeIDE/plugins/com.st.stm32cube.ide.mcu.externaltools.gnu-tools-for-stm32.12.3.rel1.win32_1.0.200.202406191623/tools/bin/../lib/gcc/arm-none-eabi/12.3.1/../../../../arm-none-eabi/lib/thumb/v7e-m+fp/hard/crt0.o
LOAD ./Core/Src/gpio.o
LOAD ./Core/Src/main.o
LOAD ./Core/Src/rtc.o
LOAD ./Core/Src/stm32f4xx_hal_msp.o
LOAD ./Core/Src/stm32f4xx_it.o
LOAD ./Core/Src/syscalls.o
LOAD ./Core/Src/sysmem.o
LOAD ./Core/Src/system_stm32f4xx.o
LOAD ./Core/Startup/startup_stm32f411ceux.o
LOAD ./Drivers/STM32F4xx_HAL_Driver/Src/stm32f4xx_hal.o
LOAD ./Drivers/STM32F4xx_HAL_Driver/Src/stm32f4xx_hal_cortex.o
LOAD ./Drivers/STM32F4xx_HAL_Driver/Src/stm32f4xx_hal_dma.o
LOAD ./Drivers/STM32F4xx_HAL_Driver/Src/stm32f4xx_hal_dma_ex.o
LOAD ./Drivers/STM32F4xx_HAL_Driver/Src/stm32f4xx_hal_exti.o
LOAD ./Drivers/STM32F4xx_HAL_Driver/Src/stm32f4xx_hal_flash.o
LOAD ./Drivers/STM32F4xx_HAL_Driver/Src/stm32f4xx_hal_flash_ex.o
LOAD ./Drivers/STM32F4xx_HAL_Driver/Src/stm32f4xx_hal_flash_ramfunc.o
LOAD ./Drivers/STM32F4xx_HAL_Driver/Src/stm32f4xx_hal_gpio.o
LOAD ./Drivers/STM32F4xx_HAL_Driver/Src/stm32f4xx_hal_pcd.o
LOAD ./Drivers/STM32F4xx_HAL_Driver/Src/stm32f4xx_hal_pcd_ex.o
LOAD ./Drivers/STM32F4xx_HAL_Driver/Src/stm32f4xx_hal_pwr.o
LOAD ./Drivers/STM32F4xx_HAL_Driver/Src/stm32f4xx_hal_pwr_ex.o
LOAD ./Drivers/STM32F4xx_HAL_Driver/Src/stm32f4xx_hal_rcc.o
LOAD ./Drivers/STM32F4xx_HAL_Driver/Src/stm32f4xx_hal_rcc_ex.o
LOAD ./Drivers/STM32F4xx_HAL_Driver/Src/stm32f4xx_hal_rtc.o
LOAD ./Drivers/STM32F4xx_HAL_Driver/Src/stm32f4xx_hal_rtc_ex.o
LOAD ./Drivers/STM32F4xx_HAL_Driver/Src/stm32f4xx_hal_tim.o
LOAD ./Drivers/STM32F4xx_HAL_Driver/Src/stm32f4xx_hal_tim_ex.o
LOAD ./Drivers/STM32F4xx_HAL_Driver/Src/stm32f4xx_ll_usb.o
LOAD ./Middlewares/ST/STM32_USB_Device_Library/Class/DFU/Src/usbd_dfu.o
LOAD ./Middlewares/ST/STM32_USB_Device_Library/Core/Src/usbd_core.o
LOAD ./Middlewares/ST/STM32_USB_Device_Library/Core/Src/usbd_ctlreq.o
LOAD ./Middlewares/ST/STM32_USB_Device_Library/Core/Src/usbd_ioreq.o
LOAD ./USB_DEVICE/App/usb_device.o
LOAD ./USB_DEVICE/App/usbd_desc.o
LOAD ./USB_DEVICE/App/usbd_dfu_if.o
LOAD ./USB_DEVICE/Target/usbd_conf.o
START GROUP
LOAD C:/ST/STM32CubeIDE_1.16.0/STM32CubeIDE/plugins/com.st.stm32cube.ide.mcu.externaltools.gnu-tools-for-stm32.12.3.rel1.win32_1.0.200.202406191623/tools/bin/../lib/gcc/arm-none-eabi/12.3.1/../../../../arm-none-eabi/lib/thumb/v7e-m+fp/hard\libc_nano.a
LOAD C:/ST/STM32CubeIDE_1.16.0/STM32CubeIDE/plugins/com.st.stm32cube.ide.mcu.externaltools.gnu-tools-for-stm32.12.3.rel1.win32_1.0.200.202406191623/tools/bin/../lib/gcc/arm-none-eabi/12.3.1/../../../../arm-none-eabi/lib/thumb/v7e-m+fp/hard\libm.a
END GROUP
START GROUP
LOAD C:/ST/STM32CubeIDE_1.16.0/STM32CubeIDE/plugins/com.st.stm32cube.ide.mcu.externaltools.gnu-tools-for-stm32.12.3.rel1.win32_1.0.200.202406191623/tools/bin/../lib/gcc/arm-none-eabi/12.3.1/thumb/v7e-m+fp/hard\libgcc.a
LOAD C:/ST/STM32CubeIDE_1.16.0/STM32CubeIDE/plugins/com.st.stm32cube.ide.mcu.externaltools.gnu-tools-for-stm32.12.3.rel1.win32_1.0.200.202406191623/tools/bin/../lib/gcc/arm-none-eabi/12.3.1/../../../../arm-none-eabi/lib/thumb/v7e-m+fp/hard\libc_nano.a
END GROUP
START GROUP
LOAD C:/ST/STM32CubeIDE_1.16.0/STM32CubeIDE/plugins/com.st.stm32cube.ide.mcu.externaltools.gnu-tools-for-stm32.12.3.rel1.win32_1.0.200.202406191623/tools/bin/../lib/gcc/arm-none-eabi/12.3.1/thumb/v7e-m+fp/hard\libgcc.a
LOAD C:/ST/STM32CubeIDE_1.16.0/STM32CubeIDE/plugins/com.st.stm32cube.ide.mcu.externaltools.gnu-tools-for-stm32.12.3.rel1.win32_1.0.200.202406191623/tools/bin/../lib/gcc/arm-none-eabi/12.3.1/../../../../arm-none-eabi/lib/thumb/v7e-m+fp/hard\libc_nano.a
LOAD C:/ST/STM32CubeIDE_1.16.0/STM32CubeIDE/plugins/com.st.stm32cube.ide.mcu.externaltools.gnu-tools-for-stm32.12.3.rel1.win32_1.0.200.202406191623/tools/bin/../lib/gcc/arm-none-eabi/12.3.1/../../../../arm-none-eabi/lib/thumb/v7e-m+fp/hard\libnosys.a
END GROUP
START GROUP
LOAD C:/ST/STM32CubeIDE_1.16.0/STM32CubeIDE/plugins/com.st.stm32cube.ide.mcu.externaltools.gnu-tools-for-stm32.12.3.rel1.win32_1.0.200.202406191623/tools/bin/../lib/gcc/arm-none-eabi/12.3.1/thumb/v7e-m+fp/hard\libgcc.a
LOAD C:/ST/STM32CubeIDE_1.16.0/STM32CubeIDE/plugins/com.st.stm32cube.ide.mcu.externaltools.gnu-tools-for-stm32.12.3.rel1.win32_1.0.200.202406191623/tools/bin/../lib/gcc/arm-none-eabi/12.3.1/../../../../arm-none-eabi/lib/thumb/v7e-m+fp/hard\libc_nano.a
LOAD C:/ST/STM32CubeIDE_1.16.0/STM32CubeIDE/plugins/com.st.stm32cube.ide.mcu.externaltools.gnu-tools-for-stm32.12.3.rel1.win32_1.0.200.202406191623/tools/bin/../lib/gcc/arm-none-eabi/12.3.1/../../../../arm-none-eabi/lib/thumb/v7e-m+fp/hard\libnosys.a
END GROUP
LOAD C:/ST/STM32CubeIDE_1.16.0/STM32CubeIDE/plugins/com.st.stm32cube.ide.mcu.externaltools.gnu-tools-for-stm32.12.3.rel1.win32_1.0.200.202406191623/tools/bin/../lib/gcc/arm-none-eabi/12.3.1/thumb/v7e-m+fp/hard/crtend.o
LOAD C:/ST/STM32CubeIDE_1.16.0/STM32CubeIDE/plugins/com.st.stm32cube.ide.mcu.externaltools.gnu-tools-for-stm32.12.3.rel1.win32_1.0.200.202406191623/tools/bin/../lib/gcc/arm-none-eabi/12.3.1/thumb/v7e-m+fp/hard/crtn.o
                0x20020000                        _estack = (ORIGIN (RAM) + LENGTH (RAM))
                0x00000200                        _Min_Heap_Size = 0x200
                0x00000400                        _Min_Stack_Size = 0x400

.isr_vector     0x08000000      0x198
                0x08000000                        . = ALIGN (0x4)
 *(.isr_vector)
 .isr_vector    0x08000000      0x198 ./Core/Startup/startup_stm32f411ceux.o
                0x08000000                g_pfnVectors
                0x08000198                        . = ALIGN (0x4)

.text           0x08000198     0x3b4c
                0x08000198                        . = ALIGN (0x4)
 *(.text)
 .text          0x08000198       0x40 C:/ST/STM32CubeIDE_1.16.0/STM32CubeIDE/plugins/com.st.stm32cube.ide.mcu.externaltools.gnu-tools-for-stm32.12.3.rel1.win32_1.0.200.202406191623/tools/bin/../lib/gcc/arm-none-eabi/12.3.1/thumb/v7e-m+fp/hard/crtbegin.o
 .text          0x080001d8       0x10 C:/ST/STM32CubeIDE_1.16.0/STM32CubeIDE/plugins/com.st.stm32cube.ide.mcu.externaltools.gnu-tools-for-stm32.12.3.rel1.win32_1.0.200.202406191623/tools/bin/../lib/gcc/arm-none-eabi/12.3.1/../../../../arm-none-eabi/lib/thumb/v7e-m+fp/hard\libc_nano.a(libc_a-strlen.o)
                0x080001d8                strlen
 .text          0x080001e8       0x30 C:/ST/STM32CubeIDE_1.16.0/STM32CubeIDE/plugins/com.st.stm32cube.ide.mcu.externaltools.gnu-tools-for-stm32.12.3.rel1.win32_1.0.200.202406191623/tools/bin/../lib/gcc/arm-none-eabi/12.3.1/thumb/v7e-m+fp/hard\libgcc.a(_aeabi_uldivmod.o)
                0x080001e8                __aeabi_uldivmod
 .text          0x08000218      0x2bc C:/ST/STM32CubeIDE_1.16.0/STM32CubeIDE/plugins/com.st.stm32cube.ide.mcu.externaltools.gnu-tools-for-stm32.12.3.rel1.win32_1.0.200.202406191623/tools/bin/../lib/gcc/arm-none-eabi/12.3.1/thumb/v7e-m+fp/hard\libgcc.a(_udivmoddi4.o)
                0x08000218                __udivmoddi4
 .text          0x080004d4        0x4 C:/ST/STM32CubeIDE_1.16.0/STM32CubeIDE/plugins/com.st.stm32cube.ide.mcu.externaltools.gnu-tools-for-stm32.12.3.rel1.win32_1.0.200.202406191623/tools/bin/../lib/gcc/arm-none-eabi/12.3.1/thumb/v7e-m+fp/hard\libgcc.a(_dvmd_tls.o)
                0x080004d4                __aeabi_idiv0
                0x080004d4                __aeabi_ldiv0
 *(.text*)
 .text.MX_GPIO_Init
                0x080004d8       0x90 ./Core/Src/gpio.o
                0x080004d8                MX_GPIO_Init
 .text.Error_Handler
                0x08000568       0x1c ./Core/Src/main.o
                0x08000568                Error_Handler
 .text.SystemClock_Config
                0x08000584       0x9c ./Core/Src/main.o
                0x08000584                SystemClock_Config
 .text.startup.main
                0x08000620       0x78 ./Core/Src/main.o
                0x08000620                main
 .text.MX_RTC_Init
                0x08000698       0x34 ./Core/Src/rtc.o
                0x08000698                MX_RTC_Init
 .text.HAL_RTC_MspInit
                0x080006cc       0x44 ./Core/Src/rtc.o
                0x080006cc                HAL_RTC_MspInit
 .text.HAL_MspInit
                0x08000710       0x38 ./Core/Src/stm32f4xx_hal_msp.o
                0x08000710                HAL_MspInit
 .text.NMI_Handler
                0x08000748        0x2 ./Core/Src/stm32f4xx_it.o
                0x08000748                NMI_Handler
 .text.HardFault_Handler
                0x0800074a        0x2 ./Core/Src/stm32f4xx_it.o
                0x0800074a                HardFault_Handler
 .text.MemManage_Handler
                0x0800074c        0x2 ./Core/Src/stm32f4xx_it.o
                0x0800074c                MemManage_Handler
 .text.BusFault_Handler
                0x0800074e        0x2 ./Core/Src/stm32f4xx_it.o
                0x0800074e                BusFault_Handler
 .text.UsageFault_Handler
                0x08000750        0x2 ./Core/Src/stm32f4xx_it.o
                0x08000750                UsageFault_Handler
 .text.SVC_Handler
                0x08000752        0x2 ./Core/Src/stm32f4xx_it.o
                0x08000752                SVC_Handler
 .text.DebugMon_Handler
                0x08000754        0x2 ./Core/Src/stm32f4xx_it.o
                0x08000754                DebugMon_Handler
 .text.PendSV_Handler
                0x08000756        0x2 ./Core/Src/stm32f4xx_it.o
                0x08000756                PendSV_Handler
 .text.SysTick_Handler
                0x08000758        0x4 ./Core/Src/stm32f4xx_it.o
                0x08000758                SysTick_Handler
 .text.OTG_FS_IRQHandler
                0x0800075c        0xc ./Core/Src/stm32f4xx_it.o
                0x0800075c                OTG_FS_IRQHandler
 .text.SystemInit
                0x08000768       0x14 ./Core/Src/system_stm32f4xx.o
                0x08000768                SystemInit
 .text.Reset_Handler
                0x0800077c       0x50 ./Core/Startup/startup_stm32f411ceux.o
                0x0800077c                Reset_Handler
 .text.Default_Handler
                0x080007cc        0x2 ./Core/Startup/startup_stm32f411ceux.o
                0x080007cc                RTC_Alarm_IRQHandler
                0x080007cc                EXTI2_IRQHandler
                0x080007cc                SPI4_IRQHandler
                0x080007cc                TIM1_CC_IRQHandler
                0x080007cc                DMA2_Stream5_IRQHandler
                0x080007cc                DMA1_Stream5_IRQHandler
                0x080007cc                PVD_IRQHandler
                0x080007cc                SDIO_IRQHandler
                0x080007cc                TAMP_STAMP_IRQHandler
                0x080007cc                EXTI3_IRQHandler
                0x080007cc                TIM1_UP_TIM10_IRQHandler
                0x080007cc                I2C3_ER_IRQHandler
                0x080007cc                EXTI0_IRQHandler
                0x080007cc                I2C2_EV_IRQHandler
                0x080007cc                DMA1_Stream2_IRQHandler
                0x080007cc                FPU_IRQHandler
                0x080007cc                DMA2_Stream2_IRQHandler
                0x080007cc                SPI1_IRQHandler
                0x080007cc                TIM1_BRK_TIM9_IRQHandler
                0x080007cc                DMA2_Stream3_IRQHandler
                0x080007cc                USART6_IRQHandler
                0x080007cc                DMA2_Stream0_IRQHandler
                0x080007cc                TIM4_IRQHandler
                0x080007cc                I2C1_EV_IRQHandler
                0x080007cc                DMA1_Stream6_IRQHandler
                0x080007cc                DMA1_Stream1_IRQHandler
                0x080007cc                TIM3_IRQHandler
                0x080007cc                RCC_IRQHandler
                0x080007cc                Default_Handler
                0x080007cc                EXTI15_10_IRQHandler
                0x080007cc                ADC_IRQHandler
                0x080007cc                DMA1_Stream7_IRQHandler
                0x080007cc                SPI5_IRQHandler
                0x080007cc                TIM5_IRQHandler
                0x080007cc                DMA2_Stream7_IRQHandler
                0x080007cc                I2C3_EV_IRQHandler
                0x080007cc                EXTI9_5_IRQHandler
                0x080007cc                RTC_WKUP_IRQHandler
                0x080007cc                SPI2_IRQHandler
                0x080007cc                DMA1_Stream0_IRQHandler
                0x080007cc                EXTI4_IRQHandler
                0x080007cc                WWDG_IRQHandler
                0x080007cc                TIM2_IRQHandler
                0x080007cc                OTG_FS_WKUP_IRQHandler
                0x080007cc                TIM1_TRG_COM_TIM11_IRQHandler
                0x080007cc                EXTI1_IRQHandler
                0x080007cc                USART2_IRQHandler
                0x080007cc                I2C2_ER_IRQHandler
                0x080007cc                DMA2_Stream1_IRQHandler
                0x080007cc                FLASH_IRQHandler
                0x080007cc                DMA2_Stream4_IRQHandler
                0x080007cc                USART1_IRQHandler
                0x080007cc                SPI3_IRQHandler
                0x080007cc                DMA1_Stream4_IRQHandler
                0x080007cc                I2C1_ER_IRQHandler
                0x080007cc                DMA2_Stream6_IRQHandler
                0x080007cc                DMA1_Stream3_IRQHandler
 *fill*         0x080007ce        0x2 
 .text.HAL_InitTick
                0x080007d0       0x48 ./Drivers/STM32F4xx_HAL_Driver/Src/stm32f4xx_hal.o
                0x080007d0                HAL_InitTick
 .text.HAL_Init
                0x08000818       0x34 ./Drivers/STM32F4xx_HAL_Driver/Src/stm32f4xx_hal.o
                0x08000818                HAL_Init
 .text.HAL_IncTick
                0x0800084c       0x18 ./Drivers/STM32F4xx_HAL_Driver/Src/stm32f4xx_hal.o
                0x0800084c                HAL_IncTick
 .text.HAL_GetTick
                0x08000864        0xc ./Drivers/STM32F4xx_HAL_Driver/Src/stm32f4xx_hal.o
                0x08000864                HAL_GetTick
 .text.HAL_Delay
                0x08000870       0x28 ./Drivers/STM32F4xx_HAL_Driver/Src/stm32f4xx_hal.o
                0x08000870                HAL_Delay
 .text.HAL_NVIC_SetPriorityGrouping
                0x08000898       0x24 ./Drivers/STM32F4xx_HAL_Driver/Src/stm32f4xx_hal_cortex.o
                0x08000898                HAL_NVIC_SetPriorityGrouping
 .text.HAL_NVIC_SetPriority
                0x080008bc       0x64 ./Drivers/STM32F4xx_HAL_Driver/Src/stm32f4xx_hal_cortex.o
                0x080008bc                HAL_NVIC_SetPriority
 .text.HAL_NVIC_EnableIRQ
                0x08000920       0x1c ./Drivers/STM32F4xx_HAL_Driver/Src/stm32f4xx_hal_cortex.o
                0x08000920                HAL_NVIC_EnableIRQ
 .text.HAL_SYSTICK_Config
                0x0800093c       0x28 ./Drivers/STM32F4xx_HAL_Driver/Src/stm32f4xx_hal_cortex.o
                0x0800093c                HAL_SYSTICK_Config
 .text.FLASH_Program_DoubleWord
                0x08000964       0x2c ./Drivers/STM32F4xx_HAL_Driver/Src/stm32f4xx_hal_flash.o
 .text.FLASH_Program_Word
                0x08000990       0x24 ./Drivers/STM32F4xx_HAL_Driver/Src/stm32f4xx_hal_flash.o
 .text.FLASH_Program_HalfWord
                0x080009b4       0x24 ./Drivers/STM32F4xx_HAL_Driver/Src/stm32f4xx_hal_flash.o
 .text.FLASH_SetErrorCode
                0x080009d8       0x8c ./Drivers/STM32F4xx_HAL_Driver/Src/stm32f4xx_hal_flash.o
 .text.HAL_FLASH_Unlock
                0x08000a64       0x24 ./Drivers/STM32F4xx_HAL_Driver/Src/stm32f4xx_hal_flash.o
                0x08000a64                HAL_FLASH_Unlock
 .text.HAL_FLASH_Lock
                0x08000a88       0x14 ./Drivers/STM32F4xx_HAL_Driver/Src/stm32f4xx_hal_flash.o
                0x08000a88                HAL_FLASH_Lock
 .text.FLASH_WaitForLastOperation
                0x08000a9c       0x50 ./Drivers/STM32F4xx_HAL_Driver/Src/stm32f4xx_hal_flash.o
                0x08000a9c                FLASH_WaitForLastOperation
 .text.HAL_FLASH_Program
                0x08000aec       0x8c ./Drivers/STM32F4xx_HAL_Driver/Src/stm32f4xx_hal_flash.o
                0x08000aec                HAL_FLASH_Program
 .text.FLASH_MassErase.constprop.0
                0x08000b78       0x24 ./Drivers/STM32F4xx_HAL_Driver/Src/stm32f4xx_hal_flash_ex.o
 .text.FLASH_Erase_Sector
                0x08000b9c       0x3c ./Drivers/STM32F4xx_HAL_Driver/Src/stm32f4xx_hal_flash_ex.o
                0x08000b9c                FLASH_Erase_Sector
 .text.FLASH_FlushCaches
                0x08000bd8       0x58 ./Drivers/STM32F4xx_HAL_Driver/Src/stm32f4xx_hal_flash_ex.o
                0x08000bd8                FLASH_FlushCaches
 .text.HAL_FLASHEx_Erase
                0x08000c30       0xa0 ./Drivers/STM32F4xx_HAL_Driver/Src/stm32f4xx_hal_flash_ex.o
                0x08000c30                HAL_FLASHEx_Erase
 .text.HAL_GPIO_Init
                0x08000cd0      0x18c ./Drivers/STM32F4xx_HAL_Driver/Src/stm32f4xx_hal_gpio.o
                0x08000cd0                HAL_GPIO_Init
 .text.HAL_GPIO_ReadPin
                0x08000e5c        0xc ./Drivers/STM32F4xx_HAL_Driver/Src/stm32f4xx_hal_gpio.o
                0x08000e5c                HAL_GPIO_ReadPin
 .text.HAL_GPIO_WritePin
                0x08000e68        0xa ./Drivers/STM32F4xx_HAL_Driver/Src/stm32f4xx_hal_gpio.o
                0x08000e68                HAL_GPIO_WritePin
 .text.HAL_GPIO_TogglePin
                0x08000e72       0x12 ./Drivers/STM32F4xx_HAL_Driver/Src/stm32f4xx_hal_gpio.o
                0x08000e72                HAL_GPIO_TogglePin
 .text.HAL_PCD_Init
                0x08000e84       0xde ./Drivers/STM32F4xx_HAL_Driver/Src/stm32f4xx_hal_pcd.o
                0x08000e84                HAL_PCD_Init
 .text.HAL_PCD_Start
                0x08000f62       0x3e ./Drivers/STM32F4xx_HAL_Driver/Src/stm32f4xx_hal_pcd.o
                0x08000f62                HAL_PCD_Start
 .text.HAL_PCD_Stop
                0x08000fa0       0x48 ./Drivers/STM32F4xx_HAL_Driver/Src/stm32f4xx_hal_pcd.o
                0x08000fa0                HAL_PCD_Stop
 .text.HAL_PCD_SetAddress
                0x08000fe8       0x26 ./Drivers/STM32F4xx_HAL_Driver/Src/stm32f4xx_hal_pcd.o
                0x08000fe8                HAL_PCD_SetAddress
 .text.HAL_PCD_EP_Open
                0x0800100e       0x6e ./Drivers/STM32F4xx_HAL_Driver/Src/stm32f4xx_hal_pcd.o
                0x0800100e                HAL_PCD_EP_Open
 .text.HAL_PCD_EP_Receive
                0x0800107c       0x3c ./Drivers/STM32F4xx_HAL_Driver/Src/stm32f4xx_hal_pcd.o
                0x0800107c                HAL_PCD_EP_Receive
 .text.HAL_PCD_EP_Transmit
                0x080010b8       0x36 ./Drivers/STM32F4xx_HAL_Driver/Src/stm32f4xx_hal_pcd.o
                0x080010b8                HAL_PCD_EP_Transmit
 .text.HAL_PCD_EP_SetStall
                0x080010ee       0x6e ./Drivers/STM32F4xx_HAL_Driver/Src/stm32f4xx_hal_pcd.o
                0x080010ee                HAL_PCD_EP_SetStall
 .text.HAL_PCD_EP_ClrStall
                0x0800115c       0x6a ./Drivers/STM32F4xx_HAL_Driver/Src/stm32f4xx_hal_pcd.o
                0x0800115c                HAL_PCD_EP_ClrStall
 .text.HAL_PCD_EP_Abort
                0x080011c6       0x20 ./Drivers/STM32F4xx_HAL_Driver/Src/stm32f4xx_hal_pcd.o
                0x080011c6                HAL_PCD_EP_Abort
 *fill*         0x080011e6        0x2 
 .text.HAL_PCD_IRQHandler
                0x080011e8      0x694 ./Drivers/STM32F4xx_HAL_Driver/Src/stm32f4xx_hal_pcd.o
                0x080011e8                HAL_PCD_IRQHandler
 .text.HAL_PCDEx_SetTxFiFo
                0x0800187c       0x3e ./Drivers/STM32F4xx_HAL_Driver/Src/stm32f4xx_hal_pcd_ex.o
                0x0800187c                HAL_PCDEx_SetTxFiFo
 .text.HAL_PCDEx_SetRxFiFo
                0x080018ba        0x8 ./Drivers/STM32F4xx_HAL_Driver/Src/stm32f4xx_hal_pcd_ex.o
                0x080018ba                HAL_PCDEx_SetRxFiFo
 .text.HAL_PCDEx_LPM_Callback
                0x080018c2        0x2 ./Drivers/STM32F4xx_HAL_Driver/Src/stm32f4xx_hal_pcd_ex.o
                0x080018c2                HAL_PCDEx_LPM_Callback
 .text.HAL_RCC_OscConfig
                0x080018c4      0x35c ./Drivers/STM32F4xx_HAL_Driver/Src/stm32f4xx_hal_rcc.o
                0x080018c4                HAL_RCC_OscConfig
 .text.HAL_RCC_GetSysClockFreq
                0x08001c20       0x5c ./Drivers/STM32F4xx_HAL_Driver/Src/stm32f4xx_hal_rcc.o
                0x08001c20                HAL_RCC_GetSysClockFreq
 .text.HAL_RCC_ClockConfig
                0x08001c7c      0x134 ./Drivers/STM32F4xx_HAL_Driver/Src/stm32f4xx_hal_rcc.o
                0x08001c7c                HAL_RCC_ClockConfig
 .text.HAL_RCC_GetHCLKFreq
                0x08001db0        0xc ./Drivers/STM32F4xx_HAL_Driver/Src/stm32f4xx_hal_rcc.o
                0x08001db0                HAL_RCC_GetHCLKFreq
 .text.HAL_RCCEx_PeriphCLKConfig
                0x08001dbc      0x144 ./Drivers/STM32F4xx_HAL_Driver/Src/stm32f4xx_hal_rcc_ex.o
                0x08001dbc                HAL_RCCEx_PeriphCLKConfig
 .text.HAL_RTC_WaitForSynchro
                0x08001f00       0x30 ./Drivers/STM32F4xx_HAL_Driver/Src/stm32f4xx_hal_rtc.o
                0x08001f00                HAL_RTC_WaitForSynchro
 .text.RTC_EnterInitMode
                0x08001f30       0x42 ./Drivers/STM32F4xx_HAL_Driver/Src/stm32f4xx_hal_rtc.o
                0x08001f30                RTC_EnterInitMode
 .text.RTC_ExitInitMode
                0x08001f72       0x28 ./Drivers/STM32F4xx_HAL_Driver/Src/stm32f4xx_hal_rtc.o
                0x08001f72                RTC_ExitInitMode
 .text.HAL_RTC_Init
                0x08001f9a       0x90 ./Drivers/STM32F4xx_HAL_Driver/Src/stm32f4xx_hal_rtc.o
                0x08001f9a                HAL_RTC_Init
 .text.USB_CoreReset
                0x0800202a       0x46 ./Drivers/STM32F4xx_HAL_Driver/Src/stm32f4xx_ll_usb.o
 .text.USB_CoreInit
                0x08002070       0x88 ./Drivers/STM32F4xx_HAL_Driver/Src/stm32f4xx_ll_usb.o
                0x08002070                USB_CoreInit
 .text.USB_SetTurnaroundTime
                0x080020f8       0xe0 ./Drivers/STM32F4xx_HAL_Driver/Src/stm32f4xx_ll_usb.o
                0x080020f8                USB_SetTurnaroundTime
 .text.USB_EnableGlobalInt
                0x080021d8        0xc ./Drivers/STM32F4xx_HAL_Driver/Src/stm32f4xx_ll_usb.o
                0x080021d8                USB_EnableGlobalInt
 .text.USB_DisableGlobalInt
                0x080021e4        0xc ./Drivers/STM32F4xx_HAL_Driver/Src/stm32f4xx_ll_usb.o
                0x080021e4                USB_DisableGlobalInt
 .text.USB_SetCurrentMode
                0x080021f0       0x60 ./Drivers/STM32F4xx_HAL_Driver/Src/stm32f4xx_ll_usb.o
                0x080021f0                USB_SetCurrentMode
 .text.USB_FlushTxFifo
                0x08002250       0x46 ./Drivers/STM32F4xx_HAL_Driver/Src/stm32f4xx_ll_usb.o
                0x08002250                USB_FlushTxFifo
 .text.USB_FlushRxFifo
                0x08002296       0x42 ./Drivers/STM32F4xx_HAL_Driver/Src/stm32f4xx_ll_usb.o
                0x08002296                USB_FlushRxFifo
 .text.USB_SetDevSpeed
                0x080022d8        0xe ./Drivers/STM32F4xx_HAL_Driver/Src/stm32f4xx_ll_usb.o
                0x080022d8                USB_SetDevSpeed
 *fill*         0x080022e6        0x2 
 .text.USB_DevInit
                0x080022e8      0x174 ./Drivers/STM32F4xx_HAL_Driver/Src/stm32f4xx_ll_usb.o
                0x080022e8                USB_DevInit
 .text.USB_GetDevSpeed
                0x0800245c       0x16 ./Drivers/STM32F4xx_HAL_Driver/Src/stm32f4xx_ll_usb.o
                0x0800245c                USB_GetDevSpeed
 .text.USB_ActivateEndpoint
                0x08002472       0x7e ./Drivers/STM32F4xx_HAL_Driver/Src/stm32f4xx_ll_usb.o
                0x08002472                USB_ActivateEndpoint
 .text.USB_EPStopXfer
                0x080024f0       0x84 ./Drivers/STM32F4xx_HAL_Driver/Src/stm32f4xx_ll_usb.o
                0x080024f0                USB_EPStopXfer
 .text.USB_WritePacket
                0x08002574       0x26 ./Drivers/STM32F4xx_HAL_Driver/Src/stm32f4xx_ll_usb.o
                0x08002574                USB_WritePacket
 *fill*         0x0800259a        0x2 
 .text.USB_EPStartXfer
                0x0800259c      0x1c8 ./Drivers/STM32F4xx_HAL_Driver/Src/stm32f4xx_ll_usb.o
                0x0800259c                USB_EPStartXfer
 .text.USB_ReadPacket
                0x08002764       0x40 ./Drivers/STM32F4xx_HAL_Driver/Src/stm32f4xx_ll_usb.o
                0x08002764                USB_ReadPacket
 .text.USB_EPSetStall
                0x080027a4       0x56 ./Drivers/STM32F4xx_HAL_Driver/Src/stm32f4xx_ll_usb.o
                0x080027a4                USB_EPSetStall
 .text.USB_EPClearStall
                0x080027fa       0x52 ./Drivers/STM32F4xx_HAL_Driver/Src/stm32f4xx_ll_usb.o
                0x080027fa                USB_EPClearStall
 .text.USB_SetDevAddress
                0x0800284c       0x20 ./Drivers/STM32F4xx_HAL_Driver/Src/stm32f4xx_ll_usb.o
                0x0800284c                USB_SetDevAddress
 .text.USB_DevConnect
                0x0800286c       0x1c ./Drivers/STM32F4xx_HAL_Driver/Src/stm32f4xx_ll_usb.o
                0x0800286c                USB_DevConnect
 .text.USB_DevDisconnect
                0x08002888       0x1c ./Drivers/STM32F4xx_HAL_Driver/Src/stm32f4xx_ll_usb.o
                0x08002888                USB_DevDisconnect
 .text.USB_ReadInterrupts
                0x080028a4        0x8 ./Drivers/STM32F4xx_HAL_Driver/Src/stm32f4xx_ll_usb.o
                0x080028a4                USB_ReadInterrupts
 .text.USB_ReadDevAllOutEpInterrupt
                0x080028ac       0x10 ./Drivers/STM32F4xx_HAL_Driver/Src/stm32f4xx_ll_usb.o
                0x080028ac                USB_ReadDevAllOutEpInterrupt
 .text.USB_ReadDevAllInEpInterrupt
                0x080028bc       0x10 ./Drivers/STM32F4xx_HAL_Driver/Src/stm32f4xx_ll_usb.o
                0x080028bc                USB_ReadDevAllInEpInterrupt
 .text.USB_ReadDevOutEPInterrupt
                0x080028cc       0x12 ./Drivers/STM32F4xx_HAL_Driver/Src/stm32f4xx_ll_usb.o
                0x080028cc                USB_ReadDevOutEPInterrupt
 .text.USB_ReadDevInEPInterrupt
                0x080028de       0x22 ./Drivers/STM32F4xx_HAL_Driver/Src/stm32f4xx_ll_usb.o
                0x080028de                USB_ReadDevInEPInterrupt
 .text.USB_GetMode
                0x08002900        0x8 ./Drivers/STM32F4xx_HAL_Driver/Src/stm32f4xx_ll_usb.o
                0x08002900                USB_GetMode
 .text.USB_ActivateSetup
                0x08002908       0x20 ./Drivers/STM32F4xx_HAL_Driver/Src/stm32f4xx_ll_usb.o
                0x08002908                USB_ActivateSetup
 .text.USB_EP0_OutStart
                0x08002928       0x4c ./Drivers/STM32F4xx_HAL_Driver/Src/stm32f4xx_ll_usb.o
                0x08002928                USB_EP0_OutStart
 .text.USBD_DFU_GetCfgDesc
                0x08002974        0xc ./Middlewares/ST/STM32_USB_Device_Library/Class/DFU/Src/usbd_dfu.o
 .text.USBD_DFU_EP0_RxReady
                0x08002980        0x4 ./Middlewares/ST/STM32_USB_Device_Library/Class/DFU/Src/usbd_dfu.o
 .text.USBD_DFU_GetDeviceQualifierDesc
                0x08002984        0xc ./Middlewares/ST/STM32_USB_Device_Library/Class/DFU/Src/usbd_dfu.o
 .text.USBD_DFU_GetUsrStringDesc
                0x08002990       0x28 ./Middlewares/ST/STM32_USB_Device_Library/Class/DFU/Src/usbd_dfu.o
 .text.USBD_DFU_GetDfuFuncDesc
                0x080029b8       0x30 ./Middlewares/ST/STM32_USB_Device_Library/Class/DFU/Src/usbd_dfu.o
 .text.USBD_DFU_EP0_TxReady
                0x080029e8      0x124 ./Middlewares/ST/STM32_USB_Device_Library/Class/DFU/Src/usbd_dfu.o
 .text.USBD_DFU_Setup
                0x08002b0c      0x370 ./Middlewares/ST/STM32_USB_Device_Library/Class/DFU/Src/usbd_dfu.o
 .text.USBD_DFU_DeInit
                0x08002e7c       0x52 ./Middlewares/ST/STM32_USB_Device_Library/Class/DFU/Src/usbd_dfu.o
 *fill*         0x08002ece        0x2 
 .text.USBD_DFU_Init
                0x08002ed0       0x60 ./Middlewares/ST/STM32_USB_Device_Library/Class/DFU/Src/usbd_dfu.o
 .text.USBD_DFU_SOF
                0x08002f30        0x4 ./Middlewares/ST/STM32_USB_Device_Library/Class/DFU/Src/usbd_dfu.o
 .text.USBD_DFU_RegisterMedia
                0x08002f34       0x16 ./Middlewares/ST/STM32_USB_Device_Library/Class/DFU/Src/usbd_dfu.o
                0x08002f34                USBD_DFU_RegisterMedia
 .text.USBD_Init
                0x08002f4a       0x26 ./Middlewares/ST/STM32_USB_Device_Library/Core/Src/usbd_core.o
                0x08002f4a                USBD_Init
 .text.USBD_RegisterClass
                0x08002f70       0x32 ./Middlewares/ST/STM32_USB_Device_Library/Core/Src/usbd_core.o
                0x08002f70                USBD_RegisterClass
 .text.USBD_Start
                0x08002fa2        0x4 ./Middlewares/ST/STM32_USB_Device_Library/Core/Src/usbd_core.o
                0x08002fa2                USBD_Start
 .text.USBD_Stop
                0x08002fa6       0x1a ./Middlewares/ST/STM32_USB_Device_Library/Core/Src/usbd_core.o
                0x08002fa6                USBD_Stop
 .text.USBD_SetClassConfig
                0x08002fc0        0xe ./Middlewares/ST/STM32_USB_Device_Library/Core/Src/usbd_core.o
                0x08002fc0                USBD_SetClassConfig
 .text.USBD_ClrClassConfig
                0x08002fce       0x12 ./Middlewares/ST/STM32_USB_Device_Library/Core/Src/usbd_core.o
                0x08002fce                USBD_ClrClassConfig
 .text.USBD_LL_SetupStage
                0x08002fe0       0x60 ./Middlewares/ST/STM32_USB_Device_Library/Core/Src/usbd_core.o
                0x08002fe0                USBD_LL_SetupStage
 .text.USBD_LL_DataOutStage
                0x08003040       0x6a ./Middlewares/ST/STM32_USB_Device_Library/Core/Src/usbd_core.o
                0x08003040                USBD_LL_DataOutStage
 .text.USBD_LL_DataInStage
                0x080030aa       0xa6 ./Middlewares/ST/STM32_USB_Device_Library/Core/Src/usbd_core.o
                0x080030aa                USBD_LL_DataInStage
 .text.USBD_LL_Reset
                0x08003150       0x5e ./Middlewares/ST/STM32_USB_Device_Library/Core/Src/usbd_core.o
                0x08003150                USBD_LL_Reset
 .text.USBD_LL_SetSpeed
                0x080031ae        0x6 ./Middlewares/ST/STM32_USB_Device_Library/Core/Src/usbd_core.o
                0x080031ae                USBD_LL_SetSpeed
 .text.USBD_LL_Suspend
                0x080031b4       0x1c ./Middlewares/ST/STM32_USB_Device_Library/Core/Src/usbd_core.o
                0x080031b4                USBD_LL_Suspend
 .text.USBD_LL_Resume
                0x080031d0       0x16 ./Middlewares/ST/STM32_USB_Device_Library/Core/Src/usbd_core.o
                0x080031d0                USBD_LL_Resume
 .text.USBD_LL_SOF
                0x080031e6       0x1a ./Middlewares/ST/STM32_USB_Device_Library/Core/Src/usbd_core.o
                0x080031e6                USBD_LL_SOF
 .text.USBD_LL_IsoINIncomplete
                0x08003200       0x26 ./Middlewares/ST/STM32_USB_Device_Library/Core/Src/usbd_core.o
                0x08003200                USBD_LL_IsoINIncomplete
 .text.USBD_LL_IsoOUTIncomplete
                0x08003226       0x26 ./Middlewares/ST/STM32_USB_Device_Library/Core/Src/usbd_core.o
                0x08003226                USBD_LL_IsoOUTIncomplete
 .text.USBD_LL_DevConnected
                0x0800324c        0x4 ./Middlewares/ST/STM32_USB_Device_Library/Core/Src/usbd_core.o
                0x0800324c                USBD_LL_DevConnected
 .text.USBD_LL_DevDisconnected
                0x08003250       0x20 ./Middlewares/ST/STM32_USB_Device_Library/Core/Src/usbd_core.o
                0x08003250                USBD_LL_DevDisconnected
 .text.USBD_CoreFindIF
                0x08003270        0x4 ./Middlewares/ST/STM32_USB_Device_Library/Core/Src/usbd_core.o
                0x08003270                USBD_CoreFindIF
 .text.USBD_CoreFindEP
                0x08003274        0x4 ./Middlewares/ST/STM32_USB_Device_Library/Core/Src/usbd_core.o
                0x08003274                USBD_CoreFindEP
 .text.USBD_GetNextDesc
                0x08003278        0xc ./Middlewares/ST/STM32_USB_Device_Library/Core/Src/usbd_core.o
                0x08003278                USBD_GetNextDesc
 .text.USBD_CtlError.constprop.0
                0x08003284       0x16 ./Middlewares/ST/STM32_USB_Device_Library/Core/Src/usbd_ctlreq.o
 *fill*         0x0800329a        0x2 
 .text.USBD_StdDevReq
                0x0800329c      0x2bc ./Middlewares/ST/STM32_USB_Device_Library/Core/Src/usbd_ctlreq.o
                0x0800329c                USBD_StdDevReq
 .text.USBD_StdItfReq
                0x08003558       0x5a ./Middlewares/ST/STM32_USB_Device_Library/Core/Src/usbd_ctlreq.o
                0x08003558                USBD_StdItfReq
 .text.USBD_StdEPReq
                0x080035b2      0x13a ./Middlewares/ST/STM32_USB_Device_Library/Core/Src/usbd_ctlreq.o
                0x080035b2                USBD_StdEPReq
 .text.USBD_ParseSetupRequest
                0x080036ec       0x16 ./Middlewares/ST/STM32_USB_Device_Library/Core/Src/usbd_ctlreq.o
                0x080036ec                USBD_ParseSetupRequest
 .text.USBD_CtlError
                0x08003702       0x16 ./Middlewares/ST/STM32_USB_Device_Library/Core/Src/usbd_ctlreq.o
                0x08003702                USBD_CtlError
 .text.USBD_GetString
                0x08003718       0x38 ./Middlewares/ST/STM32_USB_Device_Library/Core/Src/usbd_ctlreq.o
                0x08003718                USBD_GetString
 .text.USBD_CtlSendData
                0x08003750       0x1a ./Middlewares/ST/STM32_USB_Device_Library/Core/Src/usbd_ioreq.o
                0x08003750                USBD_CtlSendData
 .text.USBD_CtlContinueSendData
                0x0800376a       0x10 ./Middlewares/ST/STM32_USB_Device_Library/Core/Src/usbd_ioreq.o
                0x0800376a                USBD_CtlContinueSendData
 .text.USBD_CtlPrepareRx
                0x0800377a       0x1a ./Middlewares/ST/STM32_USB_Device_Library/Core/Src/usbd_ioreq.o
                0x0800377a                USBD_CtlPrepareRx
 .text.USBD_CtlContinueRx
                0x08003794       0x10 ./Middlewares/ST/STM32_USB_Device_Library/Core/Src/usbd_ioreq.o
                0x08003794                USBD_CtlContinueRx
 .text.USBD_CtlSendStatus
                0x080037a4       0x16 ./Middlewares/ST/STM32_USB_Device_Library/Core/Src/usbd_ioreq.o
                0x080037a4                USBD_CtlSendStatus
 .text.USBD_CtlReceiveStatus
                0x080037ba       0x16 ./Middlewares/ST/STM32_USB_Device_Library/Core/Src/usbd_ioreq.o
                0x080037ba                USBD_CtlReceiveStatus
 .text.MX_USB_DEVICE_Init
                0x080037d0       0x50 ./USB_DEVICE/App/usb_device.o
                0x080037d0                MX_USB_DEVICE_Init
 .text.USBD_FS_DeviceDescriptor
                0x08003820        0xc ./USB_DEVICE/App/usbd_desc.o
                0x08003820                USBD_FS_DeviceDescriptor
 .text.USBD_FS_LangIDStrDescriptor
                0x0800382c        0xc ./USB_DEVICE/App/usbd_desc.o
                0x0800382c                USBD_FS_LangIDStrDescriptor
 .text.IntToUnicode
                0x08003838       0x2a ./USB_DEVICE/App/usbd_desc.o
 *fill*         0x08003862        0x2 
 .text.USBD_FS_SerialStrDescriptor
                0x08003864       0x3c ./USB_DEVICE/App/usbd_desc.o
                0x08003864                USBD_FS_SerialStrDescriptor
 .text.USBD_FS_ManufacturerStrDescriptor
                0x080038a0       0x1c ./USB_DEVICE/App/usbd_desc.o
                0x080038a0                USBD_FS_ManufacturerStrDescriptor
 .text.USBD_FS_ProductStrDescriptor
                0x080038bc       0x1c ./USB_DEVICE/App/usbd_desc.o
                0x080038bc                USBD_FS_ProductStrDescriptor
 .text.USBD_FS_ConfigStrDescriptor
                0x080038d8       0x1c ./USB_DEVICE/App/usbd_desc.o
                0x080038d8                USBD_FS_ConfigStrDescriptor
 .text.USBD_FS_InterfaceStrDescriptor
                0x080038f4       0x1c ./USB_DEVICE/App/usbd_desc.o
                0x080038f4                USBD_FS_InterfaceStrDescriptor
 .text.MEM_If_Read_FS
                0x08003910       0x1a ./USB_DEVICE/App/usbd_dfu_if.o
 .text.MEM_If_GetStatus_FS
                0x0800392a        0xc ./USB_DEVICE/App/usbd_dfu_if.o
 .text.MEM_If_Write_FS
                0x08003936       0x38 ./USB_DEVICE/App/usbd_dfu_if.o
 .text.MEM_If_Erase_FS
                0x0800396e       0x8c ./USB_DEVICE/App/usbd_dfu_if.o
 .text.MEM_If_DeInit_FS
                0x080039fa        0xa ./USB_DEVICE/App/usbd_dfu_if.o
 .text.MEM_If_Init_FS
                0x08003a04        0xa ./USB_DEVICE/App/usbd_dfu_if.o
 *fill*         0x08003a0e        0x2 
 .text.HAL_PCD_MspInit
                0x08003a10       0x84 ./USB_DEVICE/Target/usbd_conf.o
                0x08003a10                HAL_PCD_MspInit
 .text.HAL_PCD_SetupStageCallback
                0x08003a94        0xc ./USB_DEVICE/Target/usbd_conf.o
                0x08003a94                HAL_PCD_SetupStageCallback
 .text.HAL_PCD_DataOutStageCallback
                0x08003aa0       0x12 ./USB_DEVICE/Target/usbd_conf.o
                0x08003aa0                HAL_PCD_DataOutStageCallback
 .text.HAL_PCD_DataInStageCallback
                0x08003ab2       0x10 ./USB_DEVICE/Target/usbd_conf.o
                0x08003ab2                HAL_PCD_DataInStageCallback
 .text.HAL_PCD_SOFCallback
                0x08003ac2        0x8 ./USB_DEVICE/Target/usbd_conf.o
                0x08003ac2                HAL_PCD_SOFCallback
 .text.HAL_PCD_ResetCallback
                0x08003aca       0x24 ./USB_DEVICE/Target/usbd_conf.o
                0x08003aca                HAL_PCD_ResetCallback
 *fill*         0x08003aee        0x2 
 .text.HAL_PCD_SuspendCallback
                0x08003af0       0x30 ./USB_DEVICE/Target/usbd_conf.o
                0x08003af0                HAL_PCD_SuspendCallback
 .text.HAL_PCD_ResumeCallback
                0x08003b20        0x8 ./USB_DEVICE/Target/usbd_conf.o
                0x08003b20                HAL_PCD_ResumeCallback
 .text.HAL_PCD_ISOOUTIncompleteCallback
                0x08003b28        0x8 ./USB_DEVICE/Target/usbd_conf.o
                0x08003b28                HAL_PCD_ISOOUTIncompleteCallback
 .text.HAL_PCD_ISOINIncompleteCallback
                0x08003b30        0x8 ./USB_DEVICE/Target/usbd_conf.o
                0x08003b30                HAL_PCD_ISOINIncompleteCallback
 .text.HAL_PCD_ConnectCallback
                0x08003b38        0x8 ./USB_DEVICE/Target/usbd_conf.o
                0x08003b38                HAL_PCD_ConnectCallback
 .text.HAL_PCD_DisconnectCallback
                0x08003b40        0x8 ./USB_DEVICE/Target/usbd_conf.o
                0x08003b40                HAL_PCD_DisconnectCallback
 .text.USBD_LL_Init
                0x08003b48       0x5c ./USB_DEVICE/Target/usbd_conf.o
                0x08003b48                USBD_LL_Init
 .text.USBD_LL_IsStallEP
                0x08003ba4       0x24 ./USB_DEVICE/Target/usbd_conf.o
                0x08003ba4                USBD_LL_IsStallEP
 .text.USBD_static_malloc
                0x08003bc8        0x8 ./USB_DEVICE/Target/usbd_conf.o
                0x08003bc8                USBD_static_malloc
 .text.USBD_static_free
                0x08003bd0        0x2 ./USB_DEVICE/Target/usbd_conf.o
                0x08003bd0                USBD_static_free
 .text.USBD_Get_USB_Status
                0x08003bd2        0xc ./USB_DEVICE/Target/usbd_conf.o
                0x08003bd2                USBD_Get_USB_Status
 .text.USBD_LL_Start
                0x08003bde       0x12 ./USB_DEVICE/Target/usbd_conf.o
                0x08003bde                USBD_LL_Start
 .text.USBD_LL_Stop
                0x08003bf0       0x12 ./USB_DEVICE/Target/usbd_conf.o
                0x08003bf0                USBD_LL_Stop
 .text.USBD_LL_OpenEP
                0x08003c02       0x18 ./USB_DEVICE/Target/usbd_conf.o
                0x08003c02                USBD_LL_OpenEP
 .text.USBD_LL_StallEP
                0x08003c1a       0x12 ./USB_DEVICE/Target/usbd_conf.o
                0x08003c1a                USBD_LL_StallEP
 .text.USBD_LL_ClearStallEP
                0x08003c2c       0x12 ./USB_DEVICE/Target/usbd_conf.o
                0x08003c2c                USBD_LL_ClearStallEP
 .text.USBD_LL_SetUSBAddress
                0x08003c3e       0x12 ./USB_DEVICE/Target/usbd_conf.o
                0x08003c3e                USBD_LL_SetUSBAddress
 .text.USBD_LL_Transmit
                0x08003c50       0x12 ./USB_DEVICE/Target/usbd_conf.o
                0x08003c50                USBD_LL_Transmit
 .text.USBD_LL_PrepareReceive
                0x08003c62       0x12 ./USB_DEVICE/Target/usbd_conf.o
                0x08003c62                USBD_LL_PrepareReceive
 .text.memset   0x08003c74       0x10 C:/ST/STM32CubeIDE_1.16.0/STM32CubeIDE/plugins/com.st.stm32cube.ide.mcu.externaltools.gnu-tools-for-stm32.12.3.rel1.win32_1.0.200.202406191623/tools/bin/../lib/gcc/arm-none-eabi/12.3.1/../../../../arm-none-eabi/lib/thumb/v7e-m+fp/hard\libc_nano.a(libc_a-memset.o)
                0x08003c74                memset
 .text.__libc_init_array
                0x08003c84       0x48 C:/ST/STM32CubeIDE_1.16.0/STM32CubeIDE/plugins/com.st.stm32cube.ide.mcu.externaltools.gnu-tools-for-stm32.12.3.rel1.win32_1.0.200.202406191623/tools/bin/../lib/gcc/arm-none-eabi/12.3.1/../../../../arm-none-eabi/lib/thumb/v7e-m+fp/hard\libc_nano.a(libc_a-init.o)
                0x08003c84                __libc_init_array
 *(.glue_7)
 .glue_7        0x08003ccc        0x0 linker stubs
 *(.glue_7t)
 .glue_7t       0x08003ccc        0x0 linker stubs
 *(.eh_frame)
 .eh_frame      0x08003ccc        0x0 C:/ST/STM32CubeIDE_1.16.0/STM32CubeIDE/plugins/com.st.stm32cube.ide.mcu.externaltools.gnu-tools-for-stm32.12.3.rel1.win32_1.0.200.202406191623/tools/bin/../lib/gcc/arm-none-eabi/12.3.1/thumb/v7e-m+fp/hard/crtbegin.o
 *(.init)
 .init          0x08003ccc        0x4 C:/ST/STM32CubeIDE_1.16.0/STM32CubeIDE/plugins/com.st.stm32cube.ide.mcu.externaltools.gnu-tools-for-stm32.12.3.rel1.win32_1.0.200.202406191623/tools/bin/../lib/gcc/arm-none-eabi/12.3.1/thumb/v7e-m+fp/hard/crti.o
                0x08003ccc                _init
 .init          0x08003cd0        0x8 C:/ST/STM32CubeIDE_1.16.0/STM32CubeIDE/plugins/com.st.stm32cube.ide.mcu.externaltools.gnu-tools-for-stm32.12.3.rel1.win32_1.0.200.202406191623/tools/bin/../lib/gcc/arm-none-eabi/12.3.1/thumb/v7e-m+fp/hard/crtn.o
 *(.fini)
 .fini          0x08003cd8        0x4 C:/ST/STM32CubeIDE_1.16.0/STM32CubeIDE/plugins/com.st.stm32cube.ide.mcu.externaltools.gnu-tools-for-stm32.12.3.rel1.win32_1.0.200.202406191623/tools/bin/../lib/gcc/arm-none-eabi/12.3.1/thumb/v7e-m+fp/hard/crti.o
                0x08003cd8                _fini
 .fini          0x08003cdc        0x8 C:/ST/STM32CubeIDE_1.16.0/STM32CubeIDE/plugins/com.st.stm32cube.ide.mcu.externaltools.gnu-tools-for-stm32.12.3.rel1.win32_1.0.200.202406191623/tools/bin/../lib/gcc/arm-none-eabi/12.3.1/thumb/v7e-m+fp/hard/crtn.o
                0x08003ce4                        . = ALIGN (0x4)
                0x08003ce4                        _etext = .

.vfp11_veneer   0x08003ce4        0x0
 .vfp11_veneer  0x08003ce4        0x0 linker stubs

.v4_bx          0x08003ce4        0x0
 .v4_bx         0x08003ce4        0x0 linker stubs

.iplt           0x08003ce4        0x0
 .iplt          0x08003ce4        0x0 C:/ST/STM32CubeIDE_1.16.0/STM32CubeIDE/plugins/com.st.stm32cube.ide.mcu.externaltools.gnu-tools-for-stm32.12.3.rel1.win32_1.0.200.202406191623/tools/bin/../lib/gcc/arm-none-eabi/12.3.1/thumb/v7e-m+fp/hard/crtbegin.o

.rodata         0x08003ce4       0x94
                0x08003ce4                        . = ALIGN (0x4)
 *(.rodata)
 *(.rodata*)
 .rodata.AHBPrescTable
                0x08003ce4       0x10 ./Core/Src/system_stm32f4xx.o
                0x08003ce4                AHBPrescTable
 .rodata.USBD_FS_ManufacturerStrDescriptor.str1.1
                0x08003cf4       0x13 ./USB_DEVICE/App/usbd_desc.o
 .rodata.USBD_FS_ProductStrDescriptor.str1.1
                0x08003d07       0x1f ./USB_DEVICE/App/usbd_desc.o
 .rodata.USBD_FS_ConfigStrDescriptor.str1.1
                0x08003d26        0xb ./USB_DEVICE/App/usbd_desc.o
 .rodata.USBD_FS_InterfaceStrDescriptor.str1.1
                0x08003d31        0xe ./USB_DEVICE/App/usbd_desc.o
 .rodata.str1.1
                0x08003d3f       0x37 ./USB_DEVICE/App/usbd_dfu_if.o
                0x08003d78                        . = ALIGN (0x4)
 *fill*         0x08003d76        0x2 

.ARM.extab      0x08003d78        0x0
                0x08003d78                        . = ALIGN (0x4)
 *(.ARM.extab* .gnu.linkonce.armextab.*)
                0x08003d78                        . = ALIGN (0x4)

.ARM            0x08003d78        0x8
                0x08003d78                        . = ALIGN (0x4)
                0x08003d78                        __exidx_start = .
 *(.ARM.exidx*)
 .ARM.exidx     0x08003d78        0x8 C:/ST/STM32CubeIDE_1.16.0/STM32CubeIDE/plugins/com.st.stm32cube.ide.mcu.externaltools.gnu-tools-for-stm32.12.3.rel1.win32_1.0.200.202406191623/tools/bin/../lib/gcc/arm-none-eabi/12.3.1/../../../../arm-none-eabi/lib/thumb/v7e-m+fp/hard\libc_nano.a(libc_a-strlen.o)
 .ARM.exidx     0x08003d80        0x0 C:/ST/STM32CubeIDE_1.16.0/STM32CubeIDE/plugins/com.st.stm32cube.ide.mcu.externaltools.gnu-tools-for-stm32.12.3.rel1.win32_1.0.200.202406191623/tools/bin/../lib/gcc/arm-none-eabi/12.3.1/thumb/v7e-m+fp/hard\libgcc.a(_udivmoddi4.o)
                                  0x8 (size before relaxing)
                0x08003d80                        __exidx_end = .
                0x08003d80                        . = ALIGN (0x4)

.preinit_array  0x08003d80        0x0
                0x08003d80                        . = ALIGN (0x4)
                0x08003d80                        PROVIDE (__preinit_array_start = .)
 *(.preinit_array*)
                0x08003d80                        PROVIDE (__preinit_array_end = .)
                0x08003d80                        . = ALIGN (0x4)

.init_array     0x08003d80        0x4
                0x08003d80                        . = ALIGN (0x4)
                0x08003d80                        PROVIDE (__init_array_start = .)
 *(SORT_BY_NAME(.init_array.*))
 *(.init_array*)
 .init_array    0x08003d80        0x4 C:/ST/STM32CubeIDE_1.16.0/STM32CubeIDE/plugins/com.st.stm32cube.ide.mcu.externaltools.gnu-tools-for-stm32.12.3.rel1.win32_1.0.200.202406191623/tools/bin/../lib/gcc/arm-none-eabi/12.3.1/thumb/v7e-m+fp/hard/crtbegin.o
                0x08003d84                        PROVIDE (__init_array_end = .)
                0x08003d84                        . = ALIGN (0x4)

.fini_array     0x08003d84        0x4
                0x08003d84                        . = ALIGN (0x4)
                [!provide]                        PROVIDE (__fini_array_start = .)
 *(SORT_BY_NAME(.fini_array.*))
 *(.fini_array*)
 .fini_array    0x08003d84        0x4 C:/ST/STM32CubeIDE_1.16.0/STM32CubeIDE/plugins/com.st.stm32cube.ide.mcu.externaltools.gnu-tools-for-stm32.12.3.rel1.win32_1.0.200.202406191623/tools/bin/../lib/gcc/arm-none-eabi/12.3.1/thumb/v7e-m+fp/hard/crtbegin.o
                [!provide]                        PROVIDE (__fini_array_end = .)
                0x08003d88                        . = ALIGN (0x4)
                0x08003d88                        _sidata = LOADADDR (.data)

.rel.dyn        0x08003d88        0x0
 .rel.iplt      0x08003d88        0x0 C:/ST/STM32CubeIDE_1.16.0/STM32CubeIDE/plugins/com.st.stm32cube.ide.mcu.externaltools.gnu-tools-for-stm32.12.3.rel1.win32_1.0.200.202406191623/tools/bin/../lib/gcc/arm-none-eabi/12.3.1/thumb/v7e-m+fp/hard/crtbegin.o

.data           0x20000000       0xdc load address 0x08003d88
                0x20000000                        . = ALIGN (0x4)
                0x20000000                        _sdata = .
 *(.data)
 *(.data*)
 .data.SystemCoreClock
                0x20000000        0x4 ./Core/Src/system_stm32f4xx.o
                0x20000000                SystemCoreClock
 .data.uwTickFreq
                0x20000004        0x1 ./Drivers/STM32F4xx_HAL_Driver/Src/stm32f4xx_hal.o
                0x20000004                uwTickFreq
 *fill*         0x20000005        0x3 
 .data.uwTickPrio
                0x20000008        0x4 ./Drivers/STM32F4xx_HAL_Driver/Src/stm32f4xx_hal.o
                0x20000008                uwTickPrio
 .data.USBD_DFU_DeviceQualifierDesc
                0x2000000c        0xa ./Middlewares/ST/STM32_USB_Device_Library/Class/DFU/Src/usbd_dfu.o
 *fill*         0x20000016        0x2 
 .data.USBD_DFU_CfgDesc
                0x20000018       0x1b ./Middlewares/ST/STM32_USB_Device_Library/Class/DFU/Src/usbd_dfu.o
 *fill*         0x20000033        0x1 
 .data.USBD_DFU
                0x20000034       0x3c ./Middlewares/ST/STM32_USB_Device_Library/Class/DFU/Src/usbd_dfu.o
                0x20000034                USBD_DFU
 .data.USBD_StringSerial
                0x20000070       0x1a ./USB_DEVICE/App/usbd_desc.o
                0x20000070                USBD_StringSerial
 *fill*         0x2000008a        0x2 
 .data.USBD_LangIDDesc
                0x2000008c        0x4 ./USB_DEVICE/App/usbd_desc.o
                0x2000008c                USBD_LangIDDesc
 .data.USBD_FS_DeviceDesc
                0x20000090       0x12 ./USB_DEVICE/App/usbd_desc.o
                0x20000090                USBD_FS_DeviceDesc
 *fill*         0x200000a2        0x2 
 .data.FS_Desc  0x200000a4       0x1c ./USB_DEVICE/App/usbd_desc.o
                0x200000a4                FS_Desc
 .data.USBD_DFU_fops_FS
                0x200000c0       0x1c ./USB_DEVICE/App/usbd_dfu_if.o
                0x200000c0                USBD_DFU_fops_FS
 *(.RamFunc)
 *(.RamFunc*)
                0x200000dc                        . = ALIGN (0x4)
                0x200000dc                        _edata = .

.igot.plt       0x200000dc        0x0 load address 0x08003e64
 .igot.plt      0x200000dc        0x0 C:/ST/STM32CubeIDE_1.16.0/STM32CubeIDE/plugins/com.st.stm32cube.ide.mcu.externaltools.gnu-tools-for-stm32.12.3.rel1.win32_1.0.200.202406191623/tools/bin/../lib/gcc/arm-none-eabi/12.3.1/thumb/v7e-m+fp/hard/crtbegin.o
                0x200000dc                        . = ALIGN (0x4)

.bss            0x200000dc      0xf4c load address 0x08003e64
                0x200000dc                        _sbss = .
                0x200000dc                        __bss_start__ = _sbss
 *(.bss)
 .bss           0x200000dc       0x1c C:/ST/STM32CubeIDE_1.16.0/STM32CubeIDE/plugins/com.st.stm32cube.ide.mcu.externaltools.gnu-tools-for-stm32.12.3.rel1.win32_1.0.200.202406191623/tools/bin/../lib/gcc/arm-none-eabi/12.3.1/thumb/v7e-m+fp/hard/crtbegin.o
 *(.bss*)
 .bss.JumpAddress
                0x200000f8        0x4 ./Core/Src/main.o
                0x200000f8                JumpAddress
 .bss.JumpToApplication
                0x200000fc        0x4 ./Core/Src/main.o
                0x200000fc                JumpToApplication
 .bss.hrtc      0x20000100       0x20 ./Core/Src/rtc.o
                0x20000100                hrtc
 .bss.uwTick    0x20000120        0x4 ./Drivers/STM32F4xx_HAL_Driver/Src/stm32f4xx_hal.o
                0x20000120                uwTick
 .bss.pFlash    0x20000124       0x20 ./Drivers/STM32F4xx_HAL_Driver/Src/stm32f4xx_hal_flash.o
                0x20000124                pFlash
 .bss.USBD_StrDesc.0
                0x20000144       0xff ./Middlewares/ST/STM32_USB_Device_Library/Class/DFU/Src/usbd_dfu.o
 .bss.cfgidx.0  0x20000243        0x1 ./Middlewares/ST/STM32_USB_Device_Library/Core/Src/usbd_ctlreq.o
 .bss.hUsbDeviceFS
                0x20000244      0x2dc ./USB_DEVICE/App/usb_device.o
                0x20000244                hUsbDeviceFS
 .bss.USBD_StrDesc
                0x20000520      0x200 ./USB_DEVICE/App/usbd_desc.o
                0x20000520                USBD_StrDesc
 .bss.mem.0     0x20000720      0x424 ./USB_DEVICE/Target/usbd_conf.o
 .bss.hpcd_USB_OTG_FS
                0x20000b44      0x4e4 ./USB_DEVICE/Target/usbd_conf.o
                0x20000b44                hpcd_USB_OTG_FS
 *(COMMON)
                0x20001028                        . = ALIGN (0x4)
                0x20001028                        _ebss = .
                0x20001028                        __bss_end__ = _ebss

._user_heap_stack
                0x20001028      0x600 load address 0x08003e64
                0x20001028                        . = ALIGN (0x8)
                [!provide]                        PROVIDE (end = .)
                0x20001028                        PROVIDE (_end = .)
                0x20001228                        . = (. + _Min_Heap_Size)
 *fill*         0x20001028      0x200 
                0x20001628                        . = (. + _Min_Stack_Size)
 *fill*         0x20001228      0x400 
                0x20001628                        . = ALIGN (0x8)

/DISCARD/
 libc.a(*)
 libm.a(*)
 libgcc.a(*)

.ARM.attributes
                0x00000000       0x30
 *(.ARM.attributes)
 .ARM.attributes
                0x00000000       0x22 C:/ST/STM32CubeIDE_1.16.0/STM32CubeIDE/plugins/com.st.stm32cube.ide.mcu.externaltools.gnu-tools-for-stm32.12.3.rel1.win32_1.0.200.202406191623/tools/bin/../lib/gcc/arm-none-eabi/12.3.1/thumb/v7e-m+fp/hard/crti.o
 .ARM.attributes
                0x00000022       0x34 C:/ST/STM32CubeIDE_1.16.0/STM32CubeIDE/plugins/com.st.stm32cube.ide.mcu.externaltools.gnu-tools-for-stm32.12.3.rel1.win32_1.0.200.202406191623/tools/bin/../lib/gcc/arm-none-eabi/12.3.1/thumb/v7e-m+fp/hard/crtbegin.o
 .ARM.attributes
                0x00000056       0x34 ./Core/Src/gpio.o
 .ARM.attributes
                0x0000008a       0x34 ./Core/Src/main.o
 .ARM.attributes
                0x000000be       0x34 ./Core/Src/rtc.o
 .ARM.attributes
                0x000000f2       0x34 ./Core/Src/stm32f4xx_hal_msp.o
 .ARM.attributes
                0x00000126       0x34 ./Core/Src/stm32f4xx_it.o
 .ARM.attributes
                0x0000015a       0x34 ./Core/Src/system_stm32f4xx.o
 .ARM.attributes
                0x0000018e       0x21 ./Core/Startup/startup_stm32f411ceux.o
 .ARM.attributes
                0x000001af       0x34 ./Drivers/STM32F4xx_HAL_Driver/Src/stm32f4xx_hal.o
 .ARM.attributes
                0x000001e3       0x34 ./Drivers/STM32F4xx_HAL_Driver/Src/stm32f4xx_hal_cortex.o
 .ARM.attributes
                0x00000217       0x34 ./Drivers/STM32F4xx_HAL_Driver/Src/stm32f4xx_hal_flash.o
 .ARM.attributes
                0x0000024b       0x34 ./Drivers/STM32F4xx_HAL_Driver/Src/stm32f4xx_hal_flash_ex.o
 .ARM.attributes
                0x0000027f       0x34 ./Drivers/STM32F4xx_HAL_Driver/Src/stm32f4xx_hal_gpio.o
 .ARM.attributes
                0x000002b3       0x34 ./Drivers/STM32F4xx_HAL_Driver/Src/stm32f4xx_hal_pcd.o
 .ARM.attributes
                0x000002e7       0x34 ./Drivers/STM32F4xx_HAL_Driver/Src/stm32f4xx_hal_pcd_ex.o
 .ARM.attributes
                0x0000031b       0x34 ./Drivers/STM32F4xx_HAL_Driver/Src/stm32f4xx_hal_rcc.o
 .ARM.attributes
                0x0000034f       0x34 ./Drivers/STM32F4xx_HAL_Driver/Src/stm32f4xx_hal_rcc_ex.o
 .ARM.attributes
                0x00000383       0x34 ./Drivers/STM32F4xx_HAL_Driver/Src/stm32f4xx_hal_rtc.o
 .ARM.attributes
                0x000003b7       0x34 ./Drivers/STM32F4xx_HAL_Driver/Src/stm32f4xx_ll_usb.o
 .ARM.attributes
                0x000003eb       0x34 ./Middlewares/ST/STM32_USB_Device_Library/Class/DFU/Src/usbd_dfu.o
 .ARM.attributes
                0x0000041f       0x34 ./Middlewares/ST/STM32_USB_Device_Library/Core/Src/usbd_core.o
 .ARM.attributes
                0x00000453       0x34 ./Middlewares/ST/STM32_USB_Device_Library/Core/Src/usbd_ctlreq.o
 .ARM.attributes
                0x00000487       0x34 ./Middlewares/ST/STM32_USB_Device_Library/Core/Src/usbd_ioreq.o
 .ARM.attributes
                0x000004bb       0x34 ./USB_DEVICE/App/usb_device.o
 .ARM.attributes
                0x000004ef       0x34 ./USB_DEVICE/App/usbd_desc.o
 .ARM.attributes
                0x00000523       0x34 ./USB_DEVICE/App/usbd_dfu_if.o
 .ARM.attributes
                0x00000557       0x34 ./USB_DEVICE/Target/usbd_conf.o
 .ARM.attributes
                0x0000058b       0x34 C:/ST/STM32CubeIDE_1.16.0/STM32CubeIDE/plugins/com.st.stm32cube.ide.mcu.externaltools.gnu-tools-for-stm32.12.3.rel1.win32_1.0.200.202406191623/tools/bin/../lib/gcc/arm-none-eabi/12.3.1/../../../../arm-none-eabi/lib/thumb/v7e-m+fp/hard\libc_nano.a(libc_a-memset.o)
 .ARM.attributes
                0x000005bf       0x34 C:/ST/STM32CubeIDE_1.16.0/STM32CubeIDE/plugins/com.st.stm32cube.ide.mcu.externaltools.gnu-tools-for-stm32.12.3.rel1.win32_1.0.200.202406191623/tools/bin/../lib/gcc/arm-none-eabi/12.3.1/../../../../arm-none-eabi/lib/thumb/v7e-m+fp/hard\libc_nano.a(libc_a-init.o)
 .ARM.attributes
                0x000005f3       0x17 C:/ST/STM32CubeIDE_1.16.0/STM32CubeIDE/plugins/com.st.stm32cube.ide.mcu.externaltools.gnu-tools-for-stm32.12.3.rel1.win32_1.0.200.202406191623/tools/bin/../lib/gcc/arm-none-eabi/12.3.1/../../../../arm-none-eabi/lib/thumb/v7e-m+fp/hard\libc_nano.a(libc_a-strlen.o)
 .ARM.attributes
                0x0000060a       0x22 C:/ST/STM32CubeIDE_1.16.0/STM32CubeIDE/plugins/com.st.stm32cube.ide.mcu.externaltools.gnu-tools-for-stm32.12.3.rel1.win32_1.0.200.202406191623/tools/bin/../lib/gcc/arm-none-eabi/12.3.1/thumb/v7e-m+fp/hard\libgcc.a(_aeabi_uldivmod.o)
 .ARM.attributes
                0x0000062c       0x34 C:/ST/STM32CubeIDE_1.16.0/STM32CubeIDE/plugins/com.st.stm32cube.ide.mcu.externaltools.gnu-tools-for-stm32.12.3.rel1.win32_1.0.200.202406191623/tools/bin/../lib/gcc/arm-none-eabi/12.3.1/thumb/v7e-m+fp/hard\libgcc.a(_udivmoddi4.o)
 .ARM.attributes
                0x00000660       0x22 C:/ST/STM32CubeIDE_1.16.0/STM32CubeIDE/plugins/com.st.stm32cube.ide.mcu.externaltools.gnu-tools-for-stm32.12.3.rel1.win32_1.0.200.202406191623/tools/bin/../lib/gcc/arm-none-eabi/12.3.1/thumb/v7e-m+fp/hard\libgcc.a(_dvmd_tls.o)
 .ARM.attributes
                0x00000682       0x22 C:/ST/STM32CubeIDE_1.16.0/STM32CubeIDE/plugins/com.st.stm32cube.ide.mcu.externaltools.gnu-tools-for-stm32.12.3.rel1.win32_1.0.200.202406191623/tools/bin/../lib/gcc/arm-none-eabi/12.3.1/thumb/v7e-m+fp/hard/crtn.o
OUTPUT(stm32f411-boot.elf elf32-littlearm)
LOAD linker stubs
LOAD C:/ST/STM32CubeIDE_1.16.0/STM32CubeIDE/plugins/com.st.stm32cube.ide.mcu.externaltools.gnu-tools-for-stm32.12.3.rel1.win32_1.0.200.202406191623/tools/bin/../lib/gcc/arm-none-eabi/12.3.1/../../../../arm-none-eabi/lib/thumb/v7e-m+fp/hard\libc.a
LOAD C:/ST/STM32CubeIDE_1.16.0/STM32CubeIDE/plugins/com.st.stm32cube.ide.mcu.externaltools.gnu-tools-for-stm32.12.3.rel1.win32_1.0.200.202406191623/tools/bin/../lib/gcc/arm-none-eabi/12.3.1/../../../../arm-none-eabi/lib/thumb/v7e-m+fp/hard\libm.a
LOAD C:/ST/STM32CubeIDE_1.16.0/STM32CubeIDE/plugins/com.st.stm32cube.ide.mcu.externaltools.gnu-tools-for-stm32.12.3.rel1.win32_1.0.200.202406191623/tools/bin/../lib/gcc/arm-none-eabi/12.3.1/thumb/v7e-m+fp/hard\libgcc.a

.debug_info     0x00000000    0x128ff
 .debug_info    0x00000000      0x494 ./Core/Src/gpio.o
 .debug_info    0x00000494      0x775 ./Core/Src/main.o
 .debug_info    0x00000c09      0x5ef ./Core/Src/rtc.o
 .debug_info    0x000011f8      0x28d ./Core/Src/stm32f4xx_hal_msp.o
 .debug_info    0x00001485      0x637 ./Core/Src/stm32f4xx_it.o
 .debug_info    0x00001abc      0x557 ./Core/Src/system_stm32f4xx.o
 .debug_info    0x00002013       0x30 ./Core/Startup/startup_stm32f411ceux.o
 .debug_info    0x00002043      0x99c ./Drivers/STM32F4xx_HAL_Driver/Src/stm32f4xx_hal.o
 .debug_info    0x000029df      0xf42 ./Drivers/STM32F4xx_HAL_Driver/Src/stm32f4xx_hal_cortex.o
 .debug_info    0x00003921      0x738 ./Drivers/STM32F4xx_HAL_Driver/Src/stm32f4xx_hal_flash.o
 .debug_info    0x00004059      0xa90 ./Drivers/STM32F4xx_HAL_Driver/Src/stm32f4xx_hal_flash_ex.o
 .debug_info    0x00004ae9      0x73a ./Drivers/STM32F4xx_HAL_Driver/Src/stm32f4xx_hal_gpio.o
 .debug_info    0x00005223     0x1b64 ./Drivers/STM32F4xx_HAL_Driver/Src/stm32f4xx_hal_pcd.o
 .debug_info    0x00006d87      0x70b ./Drivers/STM32F4xx_HAL_Driver/Src/stm32f4xx_hal_pcd_ex.o
 .debug_info    0x00007492      0xb19 ./Drivers/STM32F4xx_HAL_Driver/Src/stm32f4xx_hal_rcc.o
 .debug_info    0x00007fab      0x6be ./Drivers/STM32F4xx_HAL_Driver/Src/stm32f4xx_hal_rcc_ex.o
 .debug_info    0x00008669     0x1002 ./Drivers/STM32F4xx_HAL_Driver/Src/stm32f4xx_hal_rtc.o
 .debug_info    0x0000966b     0x1ed1 ./Drivers/STM32F4xx_HAL_Driver/Src/stm32f4xx_ll_usb.o
 .debug_info    0x0000b53c     0x1572 ./Middlewares/ST/STM32_USB_Device_Library/Class/DFU/Src/usbd_dfu.o
 .debug_info    0x0000caae     0x11de ./Middlewares/ST/STM32_USB_Device_Library/Core/Src/usbd_core.o
 .debug_info    0x0000dc8c     0x103b ./Middlewares/ST/STM32_USB_Device_Library/Core/Src/usbd_ctlreq.o
 .debug_info    0x0000ecc7      0x8b1 ./Middlewares/ST/STM32_USB_Device_Library/Core/Src/usbd_ioreq.o
 .debug_info    0x0000f578      0x7dd ./USB_DEVICE/App/usb_device.o
 .debug_info    0x0000fd55      0x635 ./USB_DEVICE/App/usbd_desc.o
 .debug_info    0x0001038a      0x57e ./USB_DEVICE/App/usbd_dfu_if.o
 .debug_info    0x00010908     0x1ff7 ./USB_DEVICE/Target/usbd_conf.o

.debug_abbrev   0x00000000     0x4123
 .debug_abbrev  0x00000000      0x181 ./Core/Src/gpio.o
 .debug_abbrev  0x00000181      0x282 ./Core/Src/main.o
 .debug_abbrev  0x00000403      0x1b2 ./Core/Src/rtc.o
 .debug_abbrev  0x000005b5       0xd6 ./Core/Src/stm32f4xx_hal_msp.o
 .debug_abbrev  0x0000068b      0x1e7 ./Core/Src/stm32f4xx_it.o
 .debug_abbrev  0x00000872      0x120 ./Core/Src/system_stm32f4xx.o
 .debug_abbrev  0x00000992       0x24 ./Core/Startup/startup_stm32f411ceux.o
 .debug_abbrev  0x000009b6      0x2bc ./Drivers/STM32F4xx_HAL_Driver/Src/stm32f4xx_hal.o
 .debug_abbrev  0x00000c72      0x391 ./Drivers/STM32F4xx_HAL_Driver/Src/stm32f4xx_hal_cortex.o
 .debug_abbrev  0x00001003      0x324 ./Drivers/STM32F4xx_HAL_Driver/Src/stm32f4xx_hal_flash.o
 .debug_abbrev  0x00001327      0x31c ./Drivers/STM32F4xx_HAL_Driver/Src/stm32f4xx_hal_flash_ex.o
 .debug_abbrev  0x00001643      0x201 ./Drivers/STM32F4xx_HAL_Driver/Src/stm32f4xx_hal_gpio.o
 .debug_abbrev  0x00001844      0x3c7 ./Drivers/STM32F4xx_HAL_Driver/Src/stm32f4xx_hal_pcd.o
 .debug_abbrev  0x00001c0b      0x1fa ./Drivers/STM32F4xx_HAL_Driver/Src/stm32f4xx_hal_pcd_ex.o
 .debug_abbrev  0x00001e05      0x34c ./Drivers/STM32F4xx_HAL_Driver/Src/stm32f4xx_hal_rcc.o
 .debug_abbrev  0x00002151      0x1c6 ./Drivers/STM32F4xx_HAL_Driver/Src/stm32f4xx_hal_rcc_ex.o
 .debug_abbrev  0x00002317      0x26b ./Drivers/STM32F4xx_HAL_Driver/Src/stm32f4xx_hal_rtc.o
 .debug_abbrev  0x00002582      0x3c3 ./Drivers/STM32F4xx_HAL_Driver/Src/stm32f4xx_ll_usb.o
 .debug_abbrev  0x00002945      0x458 ./Middlewares/ST/STM32_USB_Device_Library/Class/DFU/Src/usbd_dfu.o
 .debug_abbrev  0x00002d9d      0x3ad ./Middlewares/ST/STM32_USB_Device_Library/Core/Src/usbd_core.o
 .debug_abbrev  0x0000314a      0x3ed ./Middlewares/ST/STM32_USB_Device_Library/Core/Src/usbd_ctlreq.o
 .debug_abbrev  0x00003537      0x1be ./Middlewares/ST/STM32_USB_Device_Library/Core/Src/usbd_ioreq.o
 .debug_abbrev  0x000036f5      0x1d4 ./USB_DEVICE/App/usb_device.o
 .debug_abbrev  0x000038c9      0x264 ./USB_DEVICE/App/usbd_desc.o
 .debug_abbrev  0x00003b2d      0x28e ./USB_DEVICE/App/usbd_dfu_if.o
 .debug_abbrev  0x00003dbb      0x368 ./USB_DEVICE/Target/usbd_conf.o

.debug_aranges  0x00000000      0xcd8
 .debug_aranges
                0x00000000       0x20 ./Core/Src/gpio.o
 .debug_aranges
                0x00000020       0x30 ./Core/Src/main.o
 .debug_aranges
                0x00000050       0x30 ./Core/Src/rtc.o
 .debug_aranges
                0x00000080       0x20 ./Core/Src/stm32f4xx_hal_msp.o
 .debug_aranges
                0x000000a0       0x68 ./Core/Src/stm32f4xx_it.o
 .debug_aranges
                0x00000108       0x28 ./Core/Src/system_stm32f4xx.o
 .debug_aranges
                0x00000130       0x28 ./Core/Startup/startup_stm32f411ceux.o
 .debug_aranges
                0x00000158       0xf0 ./Drivers/STM32F4xx_HAL_Driver/Src/stm32f4xx_hal.o
 .debug_aranges
                0x00000248       0xb0 ./Drivers/STM32F4xx_HAL_Driver/Src/stm32f4xx_hal_cortex.o
 .debug_aranges
                0x000002f8       0x98 ./Drivers/STM32F4xx_HAL_Driver/Src/stm32f4xx_hal_flash.o
 .debug_aranges
                0x00000390       0x70 ./Drivers/STM32F4xx_HAL_Driver/Src/stm32f4xx_hal_flash_ex.o
 .debug_aranges
                0x00000400       0x58 ./Drivers/STM32F4xx_HAL_Driver/Src/stm32f4xx_hal_gpio.o
 .debug_aranges
                0x00000458      0x130 ./Drivers/STM32F4xx_HAL_Driver/Src/stm32f4xx_hal_pcd.o
 .debug_aranges
                0x00000588       0x38 ./Drivers/STM32F4xx_HAL_Driver/Src/stm32f4xx_hal_pcd_ex.o
 .debug_aranges
                0x000005c0       0x88 ./Drivers/STM32F4xx_HAL_Driver/Src/stm32f4xx_hal_rcc.o
 .debug_aranges
                0x00000648       0x50 ./Drivers/STM32F4xx_HAL_Driver/Src/stm32f4xx_hal_rcc_ex.o
 .debug_aranges
                0x00000698       0xe8 ./Drivers/STM32F4xx_HAL_Driver/Src/stm32f4xx_hal_rtc.o
 .debug_aranges
                0x00000780      0x1a0 ./Drivers/STM32F4xx_HAL_Driver/Src/stm32f4xx_ll_usb.o
 .debug_aranges
                0x00000920       0x70 ./Middlewares/ST/STM32_USB_Device_Library/Class/DFU/Src/usbd_dfu.o
 .debug_aranges
                0x00000990       0xd8 ./Middlewares/ST/STM32_USB_Device_Library/Core/Src/usbd_core.o
 .debug_aranges
                0x00000a68       0x50 ./Middlewares/ST/STM32_USB_Device_Library/Core/Src/usbd_ctlreq.o
 .debug_aranges
                0x00000ab8       0x50 ./Middlewares/ST/STM32_USB_Device_Library/Core/Src/usbd_ioreq.o
 .debug_aranges
                0x00000b08       0x20 ./USB_DEVICE/App/usb_device.o
 .debug_aranges
                0x00000b28       0x58 ./USB_DEVICE/App/usbd_desc.o
 .debug_aranges
                0x00000b80       0x48 ./USB_DEVICE/App/usbd_dfu_if.o
 .debug_aranges
                0x00000bc8      0x110 ./USB_DEVICE/Target/usbd_conf.o

.debug_rnglists
                0x00000000      0xb9f
 .debug_rnglists
                0x00000000       0x2f ./Core/Src/gpio.o
 .debug_rnglists
                0x0000002f       0x2c ./Core/Src/main.o
 .debug_rnglists
                0x0000005b       0x1f ./Core/Src/rtc.o
 .debug_rnglists
                0x0000007a       0x1f ./Core/Src/stm32f4xx_hal_msp.o
 .debug_rnglists
                0x00000099       0x49 ./Core/Src/stm32f4xx_it.o
 .debug_rnglists
                0x000000e2       0x19 ./Core/Src/system_stm32f4xx.o
 .debug_rnglists
                0x000000fb       0x19 ./Core/Startup/startup_stm32f411ceux.o
 .debug_rnglists
                0x00000114       0xaf ./Drivers/STM32F4xx_HAL_Driver/Src/stm32f4xx_hal.o
 .debug_rnglists
                0x000001c3       0xe8 ./Drivers/STM32F4xx_HAL_Driver/Src/stm32f4xx_hal_cortex.o
 .debug_rnglists
                0x000002ab       0x88 ./Drivers/STM32F4xx_HAL_Driver/Src/stm32f4xx_hal_flash.o
 .debug_rnglists
                0x00000333       0x90 ./Drivers/STM32F4xx_HAL_Driver/Src/stm32f4xx_hal_flash_ex.o
 .debug_rnglists
                0x000003c3       0x52 ./Drivers/STM32F4xx_HAL_Driver/Src/stm32f4xx_hal_gpio.o
 .debug_rnglists
                0x00000415       0xff ./Drivers/STM32F4xx_HAL_Driver/Src/stm32f4xx_hal_pcd.o
 .debug_rnglists
                0x00000514       0x25 ./Drivers/STM32F4xx_HAL_Driver/Src/stm32f4xx_hal_pcd_ex.o
 .debug_rnglists
                0x00000539       0x80 ./Drivers/STM32F4xx_HAL_Driver/Src/stm32f4xx_hal_rcc.o
 .debug_rnglists
                0x000005b9       0x45 ./Drivers/STM32F4xx_HAL_Driver/Src/stm32f4xx_hal_rcc_ex.o
 .debug_rnglists
                0x000005fe       0xaf ./Drivers/STM32F4xx_HAL_Driver/Src/stm32f4xx_hal_rtc.o
 .debug_rnglists
                0x000006ad      0x157 ./Drivers/STM32F4xx_HAL_Driver/Src/stm32f4xx_ll_usb.o
 .debug_rnglists
                0x00000804       0x77 ./Middlewares/ST/STM32_USB_Device_Library/Class/DFU/Src/usbd_dfu.o
 .debug_rnglists
                0x0000087b       0xaa ./Middlewares/ST/STM32_USB_Device_Library/Core/Src/usbd_core.o
 .debug_rnglists
                0x00000925       0xa7 ./Middlewares/ST/STM32_USB_Device_Library/Core/Src/usbd_ctlreq.o
 .debug_rnglists
                0x000009cc       0x37 ./Middlewares/ST/STM32_USB_Device_Library/Core/Src/usbd_ioreq.o
 .debug_rnglists
                0x00000a03       0x13 ./USB_DEVICE/App/usb_device.o
 .debug_rnglists
                0x00000a16       0x61 ./USB_DEVICE/App/usbd_desc.o
 .debug_rnglists
                0x00000a77       0x45 ./USB_DEVICE/App/usbd_dfu_if.o
 .debug_rnglists
                0x00000abc       0xe3 ./USB_DEVICE/Target/usbd_conf.o

.debug_macro    0x00000000    0x1938c
 .debug_macro   0x00000000      0x20f ./Core/Src/gpio.o
 .debug_macro   0x0000020f      0xaba ./Core/Src/gpio.o
 .debug_macro   0x00000cc9      0x29b ./Core/Src/gpio.o
 .debug_macro   0x00000f64       0x2e ./Core/Src/gpio.o
 .debug_macro   0x00000f92       0x28 ./Core/Src/gpio.o
 .debug_macro   0x00000fba       0x22 ./Core/Src/gpio.o
 .debug_macro   0x00000fdc       0x8e ./Core/Src/gpio.o
 .debug_macro   0x0000106a       0x51 ./Core/Src/gpio.o
 .debug_macro   0x000010bb      0x103 ./Core/Src/gpio.o
 .debug_macro   0x000011be       0x6a ./Core/Src/gpio.o
 .debug_macro   0x00001228      0x1df ./Core/Src/gpio.o
 .debug_macro   0x00001407       0x1c ./Core/Src/gpio.o
 .debug_macro   0x00001423       0x22 ./Core/Src/gpio.o
 .debug_macro   0x00001445       0xfb ./Core/Src/gpio.o
 .debug_macro   0x00001540     0x1011 ./Core/Src/gpio.o
 .debug_macro   0x00002551      0x11f ./Core/Src/gpio.o
 .debug_macro   0x00002670     0xb953 ./Core/Src/gpio.o
 .debug_macro   0x0000dfc3       0x6d ./Core/Src/gpio.o
 .debug_macro   0x0000e030     0x368c ./Core/Src/gpio.o
 .debug_macro   0x000116bc      0x189 ./Core/Src/gpio.o
 .debug_macro   0x00011845       0x5c ./Core/Src/gpio.o
 .debug_macro   0x000118a1      0x45c ./Core/Src/gpio.o
 .debug_macro   0x00011cfd      0x9e9 ./Core/Src/gpio.o
 .debug_macro   0x000126e6      0x115 ./Core/Src/gpio.o
 .debug_macro   0x000127fb      0x11b ./Core/Src/gpio.o
 .debug_macro   0x00012916       0xa5 ./Core/Src/gpio.o
 .debug_macro   0x000129bb      0x15f ./Core/Src/gpio.o
 .debug_macro   0x00012b1a      0x287 ./Core/Src/gpio.o
 .debug_macro   0x00012da1       0x5f ./Core/Src/gpio.o
 .debug_macro   0x00012e00      0x236 ./Core/Src/gpio.o
 .debug_macro   0x00013036      0x132 ./Core/Src/gpio.o
 .debug_macro   0x00013168      0x264 ./Core/Src/gpio.o
 .debug_macro   0x000133cc       0x2e ./Core/Src/gpio.o
 .debug_macro   0x000133fa      0x127 ./Core/Src/gpio.o
 .debug_macro   0x00013521       0x85 ./Core/Src/gpio.o
 .debug_macro   0x000135a6       0x89 ./Core/Src/gpio.o
 .debug_macro   0x0001362f      0x305 ./Core/Src/gpio.o
 .debug_macro   0x00013934      0x429 ./Core/Src/gpio.o
 .debug_macro   0x00013d5d       0xeb ./Core/Src/gpio.o
 .debug_macro   0x00013e48      0x293 ./Core/Src/gpio.o
 .debug_macro   0x000140db       0xba ./Core/Src/gpio.o
 .debug_macro   0x00014195      0x126 ./Core/Src/gpio.o
 .debug_macro   0x000142bb       0x22 ./Core/Src/gpio.o
 .debug_macro   0x000142dd       0x10 ./Core/Src/gpio.o
 .debug_macro   0x000142ed      0x381 ./Core/Src/main.o
 .debug_macro   0x0001466e       0x61 ./Core/Src/main.o
 .debug_macro   0x000146cf       0x2a ./Core/Src/main.o
 .debug_macro   0x000146f9       0x43 ./Core/Src/main.o
 .debug_macro   0x0001473c       0x34 ./Core/Src/main.o
 .debug_macro   0x00014770       0x16 ./Core/Src/main.o
 .debug_macro   0x00014786       0x35 ./Core/Src/main.o
 .debug_macro   0x000147bb      0x369 ./Core/Src/main.o
 .debug_macro   0x00014b24       0x10 ./Core/Src/main.o
 .debug_macro   0x00014b34       0x16 ./Core/Src/main.o
 .debug_macro   0x00014b4a       0x43 ./Core/Src/main.o
 .debug_macro   0x00014b8d       0x34 ./Core/Src/main.o
 .debug_macro   0x00014bc1       0x10 ./Core/Src/main.o
 .debug_macro   0x00014bd1       0x58 ./Core/Src/main.o
 .debug_macro   0x00014c29       0x8e ./Core/Src/main.o
 .debug_macro   0x00014cb7       0x1c ./Core/Src/main.o
 .debug_macro   0x00014cd3      0x177 ./Core/Src/main.o
 .debug_macro   0x00014e4a       0x16 ./Core/Src/main.o
 .debug_macro   0x00014e60       0x16 ./Core/Src/main.o
 .debug_macro   0x00014e76      0x146 ./Core/Src/main.o
 .debug_macro   0x00014fbc       0x16 ./Core/Src/main.o
 .debug_macro   0x00014fd2       0x16 ./Core/Src/main.o
 .debug_macro   0x00014fe8       0x29 ./Core/Src/main.o
 .debug_macro   0x00015011       0x16 ./Core/Src/main.o
 .debug_macro   0x00015027       0x20 ./Core/Src/main.o
 .debug_macro   0x00015047       0x7e ./Core/Src/main.o
 .debug_macro   0x000150c5      0x209 ./Core/Src/main.o
 .debug_macro   0x000152ce      0x20f ./Core/Src/rtc.o
 .debug_macro   0x000154dd      0x205 ./Core/Src/stm32f4xx_hal_msp.o
 .debug_macro   0x000156e2      0x20f ./Core/Src/stm32f4xx_it.o
 .debug_macro   0x000158f1      0x1ed ./Core/Src/system_stm32f4xx.o
 .debug_macro   0x00015ade      0x24d ./Drivers/STM32F4xx_HAL_Driver/Src/stm32f4xx_hal.o
 .debug_macro   0x00015d2b      0x1ed ./Drivers/STM32F4xx_HAL_Driver/Src/stm32f4xx_hal_cortex.o
 .debug_macro   0x00015f18      0x1f3 ./Drivers/STM32F4xx_HAL_Driver/Src/stm32f4xx_hal_flash.o
 .debug_macro   0x0001610b      0x1f3 ./Drivers/STM32F4xx_HAL_Driver/Src/stm32f4xx_hal_flash_ex.o
 .debug_macro   0x000162fe      0x1f3 ./Drivers/STM32F4xx_HAL_Driver/Src/stm32f4xx_hal_gpio.o
 .debug_macro   0x000164f1      0x1f9 ./Drivers/STM32F4xx_HAL_Driver/Src/stm32f4xx_hal_pcd.o
 .debug_macro   0x000166ea      0x1ed ./Drivers/STM32F4xx_HAL_Driver/Src/stm32f4xx_hal_pcd_ex.o
 .debug_macro   0x000168d7      0x211 ./Drivers/STM32F4xx_HAL_Driver/Src/stm32f4xx_hal_rcc.o
 .debug_macro   0x00016ae8      0x1ed ./Drivers/STM32F4xx_HAL_Driver/Src/stm32f4xx_hal_rcc_ex.o
 .debug_macro   0x00016cd5      0x1ee ./Drivers/STM32F4xx_HAL_Driver/Src/stm32f4xx_hal_rtc.o
 .debug_macro   0x00016ec3      0x1ed ./Drivers/STM32F4xx_HAL_Driver/Src/stm32f4xx_ll_usb.o
 .debug_macro   0x000170b0      0x394 ./Middlewares/ST/STM32_USB_Device_Library/Class/DFU/Src/usbd_dfu.o
 .debug_macro   0x00017444       0x9e ./Middlewares/ST/STM32_USB_Device_Library/Class/DFU/Src/usbd_dfu.o
 .debug_macro   0x000174e2      0x10b ./Middlewares/ST/STM32_USB_Device_Library/Class/DFU/Src/usbd_dfu.o
 .debug_macro   0x000175ed       0x56 ./Middlewares/ST/STM32_USB_Device_Library/Class/DFU/Src/usbd_dfu.o
 .debug_macro   0x00017643      0x140 ./Middlewares/ST/STM32_USB_Device_Library/Class/DFU/Src/usbd_dfu.o
 .debug_macro   0x00017783      0x37b ./Middlewares/ST/STM32_USB_Device_Library/Core/Src/usbd_core.o
 .debug_macro   0x00017afe      0x20f ./Middlewares/ST/STM32_USB_Device_Library/Core/Src/usbd_core.o
 .debug_macro   0x00017d0d      0x385 ./Middlewares/ST/STM32_USB_Device_Library/Core/Src/usbd_ctlreq.o
 .debug_macro   0x00018092      0x381 ./Middlewares/ST/STM32_USB_Device_Library/Core/Src/usbd_ioreq.o
 .debug_macro   0x00018413      0x3ba ./USB_DEVICE/App/usb_device.o
 .debug_macro   0x000187cd       0x22 ./USB_DEVICE/App/usb_device.o
 .debug_macro   0x000187ef       0x3a ./USB_DEVICE/App/usb_device.o
 .debug_macro   0x00018829      0x3be ./USB_DEVICE/App/usbd_desc.o
 .debug_macro   0x00018be7       0x1c ./USB_DEVICE/App/usbd_desc.o
 .debug_macro   0x00018c03      0x3b7 ./USB_DEVICE/App/usbd_dfu_if.o
 .debug_macro   0x00018fba       0x34 ./USB_DEVICE/App/usbd_dfu_if.o
 .debug_macro   0x00018fee      0x39e ./USB_DEVICE/Target/usbd_conf.o

.debug_line     0x00000000    0x15eba
 .debug_line    0x00000000      0x7ed ./Core/Src/gpio.o
 .debug_line    0x000007ed      0xb13 ./Core/Src/main.o
 .debug_line    0x00001300      0x842 ./Core/Src/rtc.o
 .debug_line    0x00001b42      0x7a0 ./Core/Src/stm32f4xx_hal_msp.o
 .debug_line    0x000022e2      0x89b ./Core/Src/stm32f4xx_it.o
 .debug_line    0x00002b7d      0x80e ./Core/Src/system_stm32f4xx.o
 .debug_line    0x0000338b       0x7a ./Core/Startup/startup_stm32f411ceux.o
 .debug_line    0x00003405      0xb0d ./Drivers/STM32F4xx_HAL_Driver/Src/stm32f4xx_hal.o
 .debug_line    0x00003f12      0xd8d ./Drivers/STM32F4xx_HAL_Driver/Src/stm32f4xx_hal_cortex.o
 .debug_line    0x00004c9f      0xd4d ./Drivers/STM32F4xx_HAL_Driver/Src/stm32f4xx_hal_flash.o
 .debug_line    0x000059ec      0xd5c ./Drivers/STM32F4xx_HAL_Driver/Src/stm32f4xx_hal_flash_ex.o
 .debug_line    0x00006748      0xcd1 ./Drivers/STM32F4xx_HAL_Driver/Src/stm32f4xx_hal_gpio.o
 .debug_line    0x00007419     0x19ed ./Drivers/STM32F4xx_HAL_Driver/Src/stm32f4xx_hal_pcd.o
 .debug_line    0x00008e06      0x867 ./Drivers/STM32F4xx_HAL_Driver/Src/stm32f4xx_hal_pcd_ex.o
 .debug_line    0x0000966d     0x1025 ./Drivers/STM32F4xx_HAL_Driver/Src/stm32f4xx_hal_rcc.o
 .debug_line    0x0000a692      0xc64 ./Drivers/STM32F4xx_HAL_Driver/Src/stm32f4xx_hal_rcc_ex.o
 .debug_line    0x0000b2f6     0x155e ./Drivers/STM32F4xx_HAL_Driver/Src/stm32f4xx_hal_rtc.o
 .debug_line    0x0000c854     0x24c8 ./Drivers/STM32F4xx_HAL_Driver/Src/stm32f4xx_ll_usb.o
 .debug_line    0x0000ed1c     0x12e1 ./Middlewares/ST/STM32_USB_Device_Library/Class/DFU/Src/usbd_dfu.o
 .debug_line    0x0000fffd     0x1143 ./Middlewares/ST/STM32_USB_Device_Library/Core/Src/usbd_core.o
 .debug_line    0x00011140     0x11a5 ./Middlewares/ST/STM32_USB_Device_Library/Core/Src/usbd_ctlreq.o
 .debug_line    0x000122e5      0xb0e ./Middlewares/ST/STM32_USB_Device_Library/Core/Src/usbd_ioreq.o
 .debug_line    0x00012df3      0xa82 ./USB_DEVICE/App/usb_device.o
 .debug_line    0x00013875      0xb96 ./USB_DEVICE/App/usbd_desc.o
 .debug_line    0x0001440b      0xbf6 ./USB_DEVICE/App/usbd_dfu_if.o
 .debug_line    0x00015001      0xeb9 ./USB_DEVICE/Target/usbd_conf.o

.debug_str      0x00000000    0x8da48
 .debug_str     0x00000000    0x84b25 ./Core/Src/gpio.o
                              0x84dbd (size before relaxing)
 .debug_str     0x00084b25     0x44eb ./Core/Src/main.o
                              0x892a9 (size before relaxing)
 .debug_str     0x00089010      0x2ef ./Core/Src/rtc.o
                              0x84f3f (size before relaxing)
 .debug_str     0x000892ff       0x2c ./Core/Src/stm32f4xx_hal_msp.o
                              0x84cda (size before relaxing)
 .debug_str     0x0008932b      0x460 ./Core/Src/stm32f4xx_it.o
                              0x85081 (size before relaxing)
 .debug_str     0x0008978b       0xdb ./Core/Src/system_stm32f4xx.o
                              0x84d1c (size before relaxing)
 .debug_str     0x00089866       0x44 ./Core/Startup/startup_stm32f411ceux.o
                                 0x79 (size before relaxing)
 .debug_str     0x000898aa      0x9b8 ./Drivers/STM32F4xx_HAL_Driver/Src/stm32f4xx_hal.o
                              0x85748 (size before relaxing)
 .debug_str     0x0008a262      0x361 ./Drivers/STM32F4xx_HAL_Driver/Src/stm32f4xx_hal_cortex.o
                              0x85480 (size before relaxing)
 .debug_str     0x0008a5c3      0x2c9 ./Drivers/STM32F4xx_HAL_Driver/Src/stm32f4xx_hal_flash.o
                              0x84efa (size before relaxing)
 .debug_str     0x0008a88c      0x2fe ./Drivers/STM32F4xx_HAL_Driver/Src/stm32f4xx_hal_flash_ex.o
                              0x8501d (size before relaxing)
 .debug_str     0x0008ab8a      0x10d ./Drivers/STM32F4xx_HAL_Driver/Src/stm32f4xx_hal_gpio.o
                              0x84e97 (size before relaxing)
 .debug_str     0x0008ac97      0x831 ./Drivers/STM32F4xx_HAL_Driver/Src/stm32f4xx_hal_pcd.o
                              0x857e8 (size before relaxing)
 .debug_str     0x0008b4c8      0x115 ./Drivers/STM32F4xx_HAL_Driver/Src/stm32f4xx_hal_pcd_ex.o
                              0x850d8 (size before relaxing)
 .debug_str     0x0008b5dd      0x225 ./Drivers/STM32F4xx_HAL_Driver/Src/stm32f4xx_hal_rcc.o
                              0x85161 (size before relaxing)
 .debug_str     0x0008b802      0x111 ./Drivers/STM32F4xx_HAL_Driver/Src/stm32f4xx_hal_rcc_ex.o
                              0x84ea4 (size before relaxing)
 .debug_str     0x0008b913      0x33e ./Drivers/STM32F4xx_HAL_Driver/Src/stm32f4xx_hal_rtc.o
                              0x85179 (size before relaxing)
 .debug_str     0x0008bc51      0x4b9 ./Drivers/STM32F4xx_HAL_Driver/Src/stm32f4xx_ll_usb.o
                              0x856c3 (size before relaxing)
 .debug_str     0x0008c10a      0xe37 ./Middlewares/ST/STM32_USB_Device_Library/Class/DFU/Src/usbd_dfu.o
                              0x89e1a (size before relaxing)
 .debug_str     0x0008cf41      0x303 ./Middlewares/ST/STM32_USB_Device_Library/Core/Src/usbd_core.o
                              0x8970c (size before relaxing)
 .debug_str     0x0008d244      0x13b ./Middlewares/ST/STM32_USB_Device_Library/Core/Src/usbd_ctlreq.o
                              0x8954f (size before relaxing)
 .debug_str     0x0008d37f       0x78 ./Middlewares/ST/STM32_USB_Device_Library/Core/Src/usbd_ioreq.o
                              0x8940c (size before relaxing)
 .debug_str     0x0008d3f7      0x22b ./USB_DEVICE/App/usb_device.o
                              0x89bb7 (size before relaxing)
 .debug_str     0x0008d622      0x26a ./USB_DEVICE/App/usbd_desc.o
                              0x89301 (size before relaxing)
 .debug_str     0x0008d88c      0x139 ./USB_DEVICE/App/usbd_dfu_if.o
                              0x898d8 (size before relaxing)
 .debug_str     0x0008d9c5       0x83 ./USB_DEVICE/Target/usbd_conf.o
                              0x8a7be (size before relaxing)

.comment        0x00000000       0x43
 .comment       0x00000000       0x43 ./Core/Src/gpio.o
                                 0x44 (size before relaxing)
 .comment       0x00000043       0x44 ./Core/Src/main.o
 .comment       0x00000043       0x44 ./Core/Src/rtc.o
 .comment       0x00000043       0x44 ./Core/Src/stm32f4xx_hal_msp.o
 .comment       0x00000043       0x44 ./Core/Src/stm32f4xx_it.o
 .comment       0x00000043       0x44 ./Core/Src/system_stm32f4xx.o
 .comment       0x00000043       0x44 ./Drivers/STM32F4xx_HAL_Driver/Src/stm32f4xx_hal.o
 .comment       0x00000043       0x44 ./Drivers/STM32F4xx_HAL_Driver/Src/stm32f4xx_hal_cortex.o
 .comment       0x00000043       0x44 ./Drivers/STM32F4xx_HAL_Driver/Src/stm32f4xx_hal_flash.o
 .comment       0x00000043       0x44 ./Drivers/STM32F4xx_HAL_Driver/Src/stm32f4xx_hal_flash_ex.o
 .comment       0x00000043       0x44 ./Drivers/STM32F4xx_HAL_Driver/Src/stm32f4xx_hal_gpio.o
 .comment       0x00000043       0x44 ./Drivers/STM32F4xx_HAL_Driver/Src/stm32f4xx_hal_pcd.o
 .comment       0x00000043       0x44 ./Drivers/STM32F4xx_HAL_Driver/Src/stm32f4xx_hal_pcd_ex.o
 .comment       0x00000043       0x44 ./Drivers/STM32F4xx_HAL_Driver/Src/stm32f4xx_hal_rcc.o
 .comment       0x00000043       0x44 ./Drivers/STM32F4xx_HAL_Driver/Src/stm32f4xx_hal_rcc_ex.o
 .comment       0x00000043       0x44 ./Drivers/STM32F4xx_HAL_Driver/Src/stm32f4xx_hal_rtc.o
 .comment       0x00000043       0x44 ./Drivers/STM32F4xx_HAL_Driver/Src/stm32f4xx_ll_usb.o
 .comment       0x00000043       0x44 ./Middlewares/ST/STM32_USB_Device_Library/Class/DFU/Src/usbd_dfu.o
 .comment       0x00000043       0x44 ./Middlewares/ST/STM32_USB_Device_Library/Core/Src/usbd_core.o
 .comment       0x00000043       0x44 ./Middlewares/ST/STM32_USB_Device_Library/Core/Src/usbd_ctlreq.o
 .comment       0x00000043       0x44 ./Middlewares/ST/STM32_USB_Device_Library/Core/Src/usbd_ioreq.o
 .comment       0x00000043       0x44 ./USB_DEVICE/App/usb_device.o
 .comment       0x00000043       0x44 ./USB_DEVICE/App/usbd_desc.o
 .comment       0x00000043       0x44 ./USB_DEVICE/App/usbd_dfu_if.o
 .comment       0x00000043       0x44 ./USB_DEVICE/Target/usbd_conf.o

.debug_frame    0x00000000     0x1ecc
 .debug_frame   0x00000000       0x34 ./Core/Src/gpio.o
 .debug_frame   0x00000034       0x64 ./Core/Src/main.o
 .debug_frame   0x00000098       0x60 ./Core/Src/rtc.o
 .debug_frame   0x000000f8       0x28 ./Core/Src/stm32f4xx_hal_msp.o
 .debug_frame   0x00000120       0xb0 ./Core/Src/stm32f4xx_it.o
 .debug_frame   0x000001d0       0x30 ./Core/Src/system_stm32f4xx.o
 .debug_frame   0x00000200      0x1f4 ./Drivers/STM32F4xx_HAL_Driver/Src/stm32f4xx_hal.o
 .debug_frame   0x000003f4      0x168 ./Drivers/STM32F4xx_HAL_Driver/Src/stm32f4xx_hal_cortex.o
 .debug_frame   0x0000055c      0x150 ./Drivers/STM32F4xx_HAL_Driver/Src/stm32f4xx_hal_flash.o
 .debug_frame   0x000006ac       0xf0 ./Drivers/STM32F4xx_HAL_Driver/Src/stm32f4xx_hal_flash_ex.o
 .debug_frame   0x0000079c       0xd4 ./Drivers/STM32F4xx_HAL_Driver/Src/stm32f4xx_hal_gpio.o
 .debug_frame   0x00000870      0x2fc ./Drivers/STM32F4xx_HAL_Driver/Src/stm32f4xx_hal_pcd.o
 .debug_frame   0x00000b6c       0x5c ./Drivers/STM32F4xx_HAL_Driver/Src/stm32f4xx_hal_pcd_ex.o
 .debug_frame   0x00000bc8      0x13c ./Drivers/STM32F4xx_HAL_Driver/Src/stm32f4xx_hal_rcc.o
 .debug_frame   0x00000d04       0xb8 ./Drivers/STM32F4xx_HAL_Driver/Src/stm32f4xx_hal_rcc_ex.o
 .debug_frame   0x00000dbc      0x278 ./Drivers/STM32F4xx_HAL_Driver/Src/stm32f4xx_hal_rtc.o
 .debug_frame   0x00001034      0x498 ./Drivers/STM32F4xx_HAL_Driver/Src/stm32f4xx_ll_usb.o
 .debug_frame   0x000014cc      0x114 ./Middlewares/ST/STM32_USB_Device_Library/Class/DFU/Src/usbd_dfu.o
 .debug_frame   0x000015e0      0x24c ./Middlewares/ST/STM32_USB_Device_Library/Core/Src/usbd_core.o
 .debug_frame   0x0000182c       0xec ./Middlewares/ST/STM32_USB_Device_Library/Core/Src/usbd_ctlreq.o
 .debug_frame   0x00001918       0xb0 ./Middlewares/ST/STM32_USB_Device_Library/Core/Src/usbd_ioreq.o
 .debug_frame   0x000019c8       0x30 ./USB_DEVICE/App/usb_device.o
 .debug_frame   0x000019f8       0xc4 ./USB_DEVICE/App/usbd_desc.o
 .debug_frame   0x00001abc       0xa4 ./USB_DEVICE/App/usbd_dfu_if.o
 .debug_frame   0x00001b60      0x2c0 ./USB_DEVICE/Target/usbd_conf.o
 .debug_frame   0x00001e20       0x20 C:/ST/STM32CubeIDE_1.16.0/STM32CubeIDE/plugins/com.st.stm32cube.ide.mcu.externaltools.gnu-tools-for-stm32.12.3.rel1.win32_1.0.200.202406191623/tools/bin/../lib/gcc/arm-none-eabi/12.3.1/../../../../arm-none-eabi/lib/thumb/v7e-m+fp/hard\libc_nano.a(libc_a-memset.o)
 .debug_frame   0x00001e40       0x2c C:/ST/STM32CubeIDE_1.16.0/STM32CubeIDE/plugins/com.st.stm32cube.ide.mcu.externaltools.gnu-tools-for-stm32.12.3.rel1.win32_1.0.200.202406191623/tools/bin/../lib/gcc/arm-none-eabi/12.3.1/../../../../arm-none-eabi/lib/thumb/v7e-m+fp/hard\libc_nano.a(libc_a-init.o)
 .debug_frame   0x00001e6c       0x2c C:/ST/STM32CubeIDE_1.16.0/STM32CubeIDE/plugins/com.st.stm32cube.ide.mcu.externaltools.gnu-tools-for-stm32.12.3.rel1.win32_1.0.200.202406191623/tools/bin/../lib/gcc/arm-none-eabi/12.3.1/thumb/v7e-m+fp/hard\libgcc.a(_aeabi_uldivmod.o)
 .debug_frame   0x00001e98       0x34 C:/ST/STM32CubeIDE_1.16.0/STM32CubeIDE/plugins/com.st.stm32cube.ide.mcu.externaltools.gnu-tools-for-stm32.12.3.rel1.win32_1.0.200.202406191623/tools/bin/../lib/gcc/arm-none-eabi/12.3.1/thumb/v7e-m+fp/hard\libgcc.a(_udivmoddi4.o)

.debug_loclists
                0x00000000     0x5afd
 .debug_loclists
                0x00000000       0x17 ./Core/Src/main.o
 .debug_loclists
                0x00000017       0x2a ./Core/Src/rtc.o
 .debug_loclists
                0x00000041       0xc4 ./Core/Src/system_stm32f4xx.o
 .debug_loclists
                0x00000105       0xba ./Drivers/STM32F4xx_HAL_Driver/Src/stm32f4xx_hal.o
 .debug_loclists
                0x000001bf      0x380 ./Drivers/STM32F4xx_HAL_Driver/Src/stm32f4xx_hal_cortex.o
 .debug_loclists
                0x0000053f      0x208 ./Drivers/STM32F4xx_HAL_Driver/Src/stm32f4xx_hal_flash.o
 .debug_loclists
                0x00000747      0x374 ./Drivers/STM32F4xx_HAL_Driver/Src/stm32f4xx_hal_flash_ex.o
 .debug_loclists
                0x00000abb      0x26c ./Drivers/STM32F4xx_HAL_Driver/Src/stm32f4xx_hal_gpio.o
 .debug_loclists
                0x00000d27      0xa44 ./Drivers/STM32F4xx_HAL_Driver/Src/stm32f4xx_hal_pcd.o
 .debug_loclists
                0x0000176b       0xa9 ./Drivers/STM32F4xx_HAL_Driver/Src/stm32f4xx_hal_pcd_ex.o
 .debug_loclists
                0x00001814      0x2f6 ./Drivers/STM32F4xx_HAL_Driver/Src/stm32f4xx_hal_rcc.o
 .debug_loclists
                0x00001b0a      0x28f ./Drivers/STM32F4xx_HAL_Driver/Src/stm32f4xx_hal_rcc_ex.o
 .debug_loclists
                0x00001d99      0x72d ./Drivers/STM32F4xx_HAL_Driver/Src/stm32f4xx_hal_rtc.o
 .debug_loclists
                0x000024c6     0x1542 ./Drivers/STM32F4xx_HAL_Driver/Src/stm32f4xx_ll_usb.o
 .debug_loclists
                0x00003a08      0x65f ./Middlewares/ST/STM32_USB_Device_Library/Class/DFU/Src/usbd_dfu.o
 .debug_loclists
                0x00004067      0x6d8 ./Middlewares/ST/STM32_USB_Device_Library/Core/Src/usbd_core.o
 .debug_loclists
                0x0000473f      0x846 ./Middlewares/ST/STM32_USB_Device_Library/Core/Src/usbd_ctlreq.o
 .debug_loclists
                0x00004f85      0x1b4 ./Middlewares/ST/STM32_USB_Device_Library/Core/Src/usbd_ioreq.o
 .debug_loclists
                0x00005139      0x22a ./USB_DEVICE/App/usbd_desc.o
 .debug_loclists
                0x00005363      0x1b9 ./USB_DEVICE/App/usbd_dfu_if.o
 .debug_loclists
                0x0000551c      0x5e1 ./USB_DEVICE/Target/usbd_conf.o

.debug_line_str
                0x00000000       0x5d
 .debug_line_str
                0x00000000       0x5d ./Core/Startup/startup_stm32f411ceux.o
